<?xml version="1.0" encoding="utf-8"?>
<TestRun id="5e2b6f8d-49d8-42b3-8651-04cf4991d372" name="@Jims-MBP 2023-01-12 16:23:23" xmlns="http://microsoft.com/schemas/VisualStudio/TeamTest/2010">
  <Times creation="2023-01-12T16:23:23.6644040-05:00" queuing="2023-01-12T16:23:23.6644040-05:00" start="2023-01-12T16:21:07.8358730-05:00" finish="2023-01-12T16:27:22.4164610-05:00" />
  <TestSettings name="default" id="50997430-6b56-4628-9c37-0bd812b160ab">
    <Deployment runDeploymentRoot="_Jims-MBP_2023-01-12_16_23_23" />
  </TestSettings>
  <Results>
    <UnitTestResult executionId="a8c9d95b-2179-4fcf-94e0-93e2a1ca71b6" testId="bfef27ca-0f4e-43ae-8e5d-6b8181f06fb1" testName="v10_Verify_PayWithPaypal_REC" computerName="Jims-MBP" duration="00:00:11.9831669" startTime="2023-01-12T16:27:10.2503940-05:00" endTime="2023-01-12T16:27:22.2346830-05:00" testType="13cdc9d9-ddb5-4fa4-a97d-d965ccfc6d4b" outcome="Passed" testListId="8c84fa94-04c1-424b-9868-57a2d4851a1d" relativeResultsDirectory="a8c9d95b-2179-4fcf-94e0-93e2a1ca71b6">
      <Output>
        <StdOut>Connection refused [::ffff:127.0.0.1]:63423 (localhost:63423)
Connection refused [::ffff:127.0.0.1]:63423 (localhost:63423)
Connection refused [::ffff:127.0.0.1]:63423 (localhost:63423)
Connection refused [::ffff:127.0.0.1]:63423 (localhost:63423)
Connection refused [::ffff:127.0.0.1]:63423 (localhost:63423)
Connection refused [::ffff:127.0.0.1]:63423 (localhost:63423)
Connection refused [::ffff:127.0.0.1]:63423 (localhost:63423)
Connection refused [::ffff:127.0.0.1]:63423 (localhost:63423)
Connection refused [::ffff:127.0.0.1]:63423 (localhost:63423)
Connection refused [::ffff:127.0.0.1]:63423 (localhost:63423)
Connection refused [::ffff:127.0.0.1]:63423 (localhost:63423)
Connection refused [::ffff:127.0.0.1]:63423 (localhost:63423)
Connection refused [::ffff:127.0.0.1]:63423 (localhost:63423)
Connection refused [::ffff:127.0.0.1]:63423 (localhost:63423)
Connection refused [::ffff:127.0.0.1]:63423 (localhost:63423)
2023-01-12 21:27:11Z [INFO] Adding Ability for Screenplay Actor 'Alex Morgan' to browse the Web with OpenQA.Selenium.Chrome.ChromeDriver
2023-01-12 21:27:11Z [INFO] Screenplay Actor 'Alex Morgan' attempts to navigate browser to 'https://windev2212eval/iSamples/MemberR'
2023-01-12 21:27:12Z [INFO] Screenplay Actor 'Alex Morgan' successfully did navigate browser to 'https://windev2212eval/iSamples/MemberR'
2023-01-12 21:27:12Z [INFO] Screenplay Actor 'Alex Morgan' attempts to As1.MemberLogin
2023-01-12 21:27:12Z [INFO] Screenplay Actor 'Alex Morgan' asks for wait until appearance of 'signinlink' is equal to 'True'
2023-01-12 21:27:12Z [INFO] wait until appearance of 'signinlink' is equal to 'True' for up to 30s was True
2023-01-12 21:27:13Z [INFO] Screenplay Actor 'Alex Morgan' attempts to click on 'signinlink'
2023-01-12 21:27:13Z [INFO] Screenplay Actor 'Alex Morgan' asks for wait until appearance of 'signinlink' is equal to 'True'
2023-01-12 21:27:13Z [INFO] wait until appearance of 'signinlink' is equal to 'True' for up to 30s was True
2023-01-12 21:27:13Z [INFO] Screenplay Actor 'Alex Morgan' successfully did click on 'signinlink'
2023-01-12 21:27:14Z [INFO] Screenplay Actor 'Alex Morgan' attempts to clear using backspaces, then send keys 'alexm' to Username
2023-01-12 21:27:14Z [INFO] Screenplay Actor 'Alex Morgan' asks for wait until appearance of 'Username' is equal to 'True'
2023-01-12 21:27:14Z [INFO] wait until appearance of 'Username' is equal to 'True' for up to 30s was True
2023-01-12 21:27:14Z [INFO] Screenplay Actor 'Alex Morgan' successfully did clear using backspaces, then send keys 'alexm' to Username
2023-01-12 21:27:14Z [INFO] Screenplay Actor 'Alex Morgan' attempts to clear using backspaces, then send keys 'demo123' to Password
2023-01-12 21:27:14Z [INFO] Screenplay Actor 'Alex Morgan' asks for wait until appearance of 'Password' is equal to 'True'
2023-01-12 21:27:14Z [INFO] wait until appearance of 'Password' is equal to 'True' for up to 30s was True
2023-01-12 21:27:14Z [INFO] Screenplay Actor 'Alex Morgan' successfully did clear using backspaces, then send keys 'demo123' to Password
2023-01-12 21:27:14Z [INFO] Screenplay Actor 'Alex Morgan' attempts to click on 'Sign in'
2023-01-12 21:27:14Z [INFO] Screenplay Actor 'Alex Morgan' asks for wait until appearance of 'Sign in' is equal to 'True'
2023-01-12 21:27:14Z [INFO] wait until appearance of 'Sign in' is equal to 'True' for up to 30s was True
2023-01-12 21:27:14Z [INFO] Screenplay Actor 'Alex Morgan' successfully did click on 'Sign in'
2023-01-12 21:27:14Z [INFO] Screenplay Actor 'Alex Morgan' successfully did As1.MemberLogin
2023-01-12 21:27:14Z [INFO] Screenplay Actor 'Alex Morgan' asks for wait until appearance of 'event image' is equal to 'True'
2023-01-12 21:27:16Z [INFO] wait until appearance of 'event image' is equal to 'True' for up to 30s was True
2023-01-12 21:27:16Z [INFO] Screenplay Actor 'Alex Morgan' attempts to click on 'Shop Menubar link x'
2023-01-12 21:27:16Z [INFO] Screenplay Actor 'Alex Morgan' asks for wait until appearance of 'Shop Menubar link x' is equal to 'True'
2023-01-12 21:27:16Z [INFO] wait until appearance of 'Shop Menubar link x' is equal to 'True' for up to 30s was True
2023-01-12 21:27:17Z [INFO] Screenplay Actor 'Alex Morgan' successfully did click on 'Shop Menubar link x'
2023-01-12 21:27:17Z [INFO] Screenplay Actor 'Alex Morgan' attempts to click on 'association ceos guide link by Id'
2023-01-12 21:27:17Z [INFO] Screenplay Actor 'Alex Morgan' asks for wait until appearance of 'association ceos guide link by Id' is equal to 'True'
2023-01-12 21:27:17Z [INFO] wait until appearance of 'association ceos guide link by Id' is equal to 'True' for up to 30s was True
2023-01-12 21:27:18Z [INFO] Screenplay Actor 'Alex Morgan' successfully did click on 'association ceos guide link by Id'
2023-01-12 21:27:18Z [INFO] Screenplay Actor 'Alex Morgan' attempts to click on 'add to cart button'
2023-01-12 21:27:18Z [INFO] Screenplay Actor 'Alex Morgan' asks for wait until appearance of 'add to cart button' is equal to 'True'
2023-01-12 21:27:18Z [INFO] wait until appearance of 'add to cart button' is equal to 'True' for up to 30s was True
2023-01-12 21:27:19Z [INFO] Screenplay Actor 'Alex Morgan' successfully did click on 'add to cart button'
2023-01-12 21:27:19Z [INFO] Screenplay Actor 'Alex Morgan' attempts to click on 'view cart link'
2023-01-12 21:27:19Z [INFO] Screenplay Actor 'Alex Morgan' asks for wait until appearance of 'view cart link' is equal to 'True'
2023-01-12 21:27:19Z [INFO] wait until appearance of 'view cart link' is equal to 'True' for up to 30s was True
2023-01-12 21:27:21Z [INFO] Screenplay Actor 'Alex Morgan' successfully did click on 'view cart link'
2023-01-12 21:27:21Z [INFO] Screenplay Actor 'Alex Morgan' attempts to CreditCardInputName
2023-01-12 21:27:21Z [INFO] Screenplay Actor 'Alex Morgan' attempts to clear using backspaces, then send keys 'IMIS Pay CC US' to Name on card
2023-01-12 21:27:21Z [INFO] Screenplay Actor 'Alex Morgan' asks for wait until appearance of 'Name on card' is equal to 'True'
2023-01-12 21:27:21Z [INFO] wait until appearance of 'Name on card' is equal to 'True' for up to 30s was True
2023-01-12 21:27:21Z [INFO] Screenplay Actor 'Alex Morgan' successfully did clear using backspaces, then send keys 'IMIS Pay CC US' to Name on card
2023-01-12 21:27:21Z [INFO] Screenplay Actor 'Alex Morgan' successfully did CreditCardInputName
2023-01-12 21:27:21Z [INFO] Screenplay Actor 'Alex Morgan' asks for wait until appearance of 'iframe' is equal to 'True'
2023-01-12 21:27:21Z [INFO] wait until appearance of 'iframe' is equal to 'True' for up to 30s was True
2023-01-12 21:27:21Z [INFO] Screenplay Actor 'Alex Morgan' attempts to CreditCardInput
2023-01-12 21:27:21Z [INFO] Screenplay Actor 'Alex Morgan' attempts to clear using backspaces, then send keys '4111111111111111' to Card numberx
2023-01-12 21:27:21Z [INFO] Screenplay Actor 'Alex Morgan' asks for wait until appearance of 'Card numberx' is equal to 'True'
2023-01-12 21:27:21Z [INFO] wait until appearance of 'Card numberx' is equal to 'True' for up to 30s was True
2023-01-12 21:27:21Z [INFO] Screenplay Actor 'Alex Morgan' successfully did clear using backspaces, then send keys '4111111111111111' to Card numberx
2023-01-12 21:27:21Z [INFO] Screenplay Actor 'Alex Morgan' attempts to clear using backspaces, then send keys '09/25' to MM/YY
2023-01-12 21:27:21Z [INFO] Screenplay Actor 'Alex Morgan' asks for wait until appearance of 'MM/YY' is equal to 'True'
2023-01-12 21:27:21Z [INFO] wait until appearance of 'MM/YY' is equal to 'True' for up to 30s was True
2023-01-12 21:27:21Z [INFO] Screenplay Actor 'Alex Morgan' successfully did clear using backspaces, then send keys '09/25' to MM/YY
2023-01-12 21:27:21Z [INFO] Screenplay Actor 'Alex Morgan' attempts to clear using backspaces, then send keys '123' to Card CSC
2023-01-12 21:27:21Z [INFO] Screenplay Actor 'Alex Morgan' asks for wait until appearance of 'Card CSC' is equal to 'True'
2023-01-12 21:27:21Z [INFO] wait until appearance of 'Card CSC' is equal to 'True' for up to 30s was True
2023-01-12 21:27:21Z [INFO] Screenplay Actor 'Alex Morgan' successfully did clear using backspaces, then send keys '123' to Card CSC
2023-01-12 21:27:21Z [INFO] Screenplay Actor 'Alex Morgan' successfully did CreditCardInput
2023-01-12 21:27:21Z [INFO] Screenplay Actor 'Alex Morgan' attempts to click on 'Submit Order Button'
2023-01-12 21:27:21Z [INFO] Screenplay Actor 'Alex Morgan' asks for wait until appearance of 'Submit Order Button' is equal to 'True'
2023-01-12 21:27:21Z [INFO] wait until appearance of 'Submit Order Button' is equal to 'True' for up to 30s was True
2023-01-12 21:27:22Z [INFO] Screenplay Actor 'Alex Morgan' successfully did click on 'Submit Order Button'</StdOut>
      </Output>
    </UnitTestResult>
    <UnitTestResult executionId="b201e97b-e7fd-4af1-9331-37b29b2f518d" testId="28fa59da-b4e8-4d33-80c0-94074058b05b" testName="MemberBuyMembershipTest" computerName="Jims-MBP" duration="00:00:28.7791112" startTime="2023-01-12T16:23:38.3641660-05:00" endTime="2023-01-12T16:24:07.1433780-05:00" testType="13cdc9d9-ddb5-4fa4-a97d-d965ccfc6d4b" outcome="Passed" testListId="8c84fa94-04c1-424b-9868-57a2d4851a1d" relativeResultsDirectory="b201e97b-e7fd-4af1-9331-37b29b2f518d">
      <Output>
        <StdOut>Connection refused [::ffff:127.0.0.1]:63185 (localhost:63185)
Connection refused [::ffff:127.0.0.1]:63185 (localhost:63185)
Connection refused [::ffff:127.0.0.1]:63185 (localhost:63185)
Connection refused [::ffff:127.0.0.1]:63185 (localhost:63185)
Connection refused [::ffff:127.0.0.1]:63185 (localhost:63185)
Connection refused [::ffff:127.0.0.1]:63185 (localhost:63185)
Connection refused [::ffff:127.0.0.1]:63185 (localhost:63185)
Connection refused [::ffff:127.0.0.1]:63185 (localhost:63185)
2023-01-12 21:23:39Z [INFO] Adding Ability for Screenplay Actor 'Alex Morgan' to browse the Web with OpenQA.Selenium.Chrome.ChromeDriver
2023-01-12 21:23:39Z [INFO] Screenplay Actor 'Alex Morgan' attempts to navigate browser to 'https://windev2212eval/iSamples/MemberR'
2023-01-12 21:23:40Z [INFO] Screenplay Actor 'Alex Morgan' successfully did navigate browser to 'https://windev2212eval/iSamples/MemberR'
2023-01-12 21:23:40Z [INFO] Screenplay Actor 'Alex Morgan' attempts to As1.MemberLogin
2023-01-12 21:23:40Z [INFO] Screenplay Actor 'Alex Morgan' asks for wait until appearance of 'signinlink' is equal to 'True'
2023-01-12 21:23:40Z [INFO] wait until appearance of 'signinlink' is equal to 'True' for up to 30s was True
2023-01-12 21:23:41Z [INFO] Screenplay Actor 'Alex Morgan' attempts to click on 'signinlink'
2023-01-12 21:23:41Z [INFO] Screenplay Actor 'Alex Morgan' asks for wait until appearance of 'signinlink' is equal to 'True'
2023-01-12 21:23:41Z [INFO] wait until appearance of 'signinlink' is equal to 'True' for up to 30s was True
2023-01-12 21:23:41Z [INFO] Screenplay Actor 'Alex Morgan' successfully did click on 'signinlink'
2023-01-12 21:23:42Z [INFO] Screenplay Actor 'Alex Morgan' attempts to clear using backspaces, then send keys 'alexm' to Username
2023-01-12 21:23:42Z [INFO] Screenplay Actor 'Alex Morgan' asks for wait until appearance of 'Username' is equal to 'True'
2023-01-12 21:23:42Z [INFO] wait until appearance of 'Username' is equal to 'True' for up to 30s was True
2023-01-12 21:23:42Z [INFO] Screenplay Actor 'Alex Morgan' successfully did clear using backspaces, then send keys 'alexm' to Username
2023-01-12 21:23:42Z [INFO] Screenplay Actor 'Alex Morgan' attempts to clear using backspaces, then send keys 'demo123' to Password
2023-01-12 21:23:42Z [INFO] Screenplay Actor 'Alex Morgan' asks for wait until appearance of 'Password' is equal to 'True'
2023-01-12 21:23:42Z [INFO] wait until appearance of 'Password' is equal to 'True' for up to 30s was True
2023-01-12 21:23:42Z [INFO] Screenplay Actor 'Alex Morgan' successfully did clear using backspaces, then send keys 'demo123' to Password
2023-01-12 21:23:42Z [INFO] Screenplay Actor 'Alex Morgan' attempts to click on 'Sign in'
2023-01-12 21:23:42Z [INFO] Screenplay Actor 'Alex Morgan' asks for wait until appearance of 'Sign in' is equal to 'True'
2023-01-12 21:23:42Z [INFO] wait until appearance of 'Sign in' is equal to 'True' for up to 30s was True
2023-01-12 21:23:42Z [INFO] Screenplay Actor 'Alex Morgan' successfully did click on 'Sign in'
2023-01-12 21:23:42Z [INFO] Screenplay Actor 'Alex Morgan' successfully did As1.MemberLogin
2023-01-12 21:23:44Z [INFO] Screenplay Actor 'Alex Morgan' asks for wait until appearance of 'Magnifying Glass' is equal to 'True'
2023-01-12 21:23:44Z [INFO] wait until appearance of 'Magnifying Glass' is equal to 'True' for up to 30s was True
2023-01-12 21:23:47Z [INFO] Screenplay Actor 'Alex Morgan' attempts to click on 'Membership Link'
2023-01-12 21:23:47Z [INFO] Screenplay Actor 'Alex Morgan' asks for wait until appearance of 'Membership Link' is equal to 'True'
2023-01-12 21:23:47Z [INFO] wait until appearance of 'Membership Link' is equal to 'True' for up to 30s was True
2023-01-12 21:23:48Z [INFO] Screenplay Actor 'Alex Morgan' successfully did click on 'Membership Link'
2023-01-12 21:23:50Z [INFO] Screenplay Actor 'Alex Morgan' asks for wait until appearance of 'Magnifying Glass' is equal to 'True'
2023-01-12 21:23:50Z [INFO] wait until appearance of 'Magnifying Glass' is equal to 'True' for up to 30s was True
2023-01-12 21:23:53Z [INFO] Screenplay Actor 'Alex Morgan' asks for wait until appearance of 'Join - regular link' is equal to 'True'
2023-01-12 21:23:53Z [INFO] wait until appearance of 'Join - regular link' is equal to 'True' for up to 30s was True
2023-01-12 21:23:53Z [INFO] Screenplay Actor 'Alex Morgan' attempts to click on 'Join - regular link'
2023-01-12 21:23:53Z [INFO] Screenplay Actor 'Alex Morgan' asks for wait until appearance of 'Join - regular link' is equal to 'True'
2023-01-12 21:23:53Z [INFO] wait until appearance of 'Join - regular link' is equal to 'True' for up to 30s was True
2023-01-12 21:23:57Z [INFO] Screenplay Actor 'Alex Morgan' successfully did click on 'Join - regular link'
2023-01-12 21:23:57Z [INFO] Screenplay Actor 'Alex Morgan' asks for wait until appearance of 'Journal check box' is equal to 'True'
2023-01-12 21:23:57Z [INFO] wait until appearance of 'Journal check box' is equal to 'True' for up to 30s was True
2023-01-12 21:23:57Z [INFO] Screenplay Actor 'Alex Morgan' attempts to click on 'Journal check box'
2023-01-12 21:23:57Z [INFO] Screenplay Actor 'Alex Morgan' asks for wait until appearance of 'Journal check box' is equal to 'True'
2023-01-12 21:23:57Z [INFO] wait until appearance of 'Journal check box' is equal to 'True' for up to 30s was True
2023-01-12 21:23:57Z [INFO] Screenplay Actor 'Alex Morgan' successfully did click on 'Journal check box'
2023-01-12 21:23:57Z [INFO] Screenplay Actor 'Alex Morgan' attempts to click on 'PAC Contribution Checkbox'
2023-01-12 21:23:57Z [INFO] Screenplay Actor 'Alex Morgan' asks for wait until appearance of 'PAC Contribution Checkbox' is equal to 'True'
2023-01-12 21:23:57Z [INFO] wait until appearance of 'PAC Contribution Checkbox' is equal to 'True' for up to 30s was True
2023-01-12 21:23:58Z [INFO] Screenplay Actor 'Alex Morgan' successfully did click on 'PAC Contribution Checkbox'
2023-01-12 21:23:58Z [INFO] Screenplay Actor 'Alex Morgan' attempts to click on 'Proceed to checkout button'
2023-01-12 21:23:58Z [INFO] Screenplay Actor 'Alex Morgan' asks for wait until appearance of 'Proceed to checkout button' is equal to 'True'
2023-01-12 21:23:58Z [INFO] wait until appearance of 'Proceed to checkout button' is equal to 'True' for up to 30s was True
2023-01-12 21:23:58Z [INFO] Screenplay Actor 'Alex Morgan' successfully did click on 'Proceed to checkout button'
2023-01-12 21:24:07Z [INFO] Screenplay Actor 'Alex Morgan' attempts to quit the WebDriver
2023-01-12 21:24:07Z [INFO] Screenplay Actor 'Alex Morgan' successfully did quit the WebDriver</StdOut>
      </Output>
    </UnitTestResult>
    <UnitTestResult executionId="f17e5a63-235a-40a4-b82e-af0bbde0f8c6" testId="0eb48f91-c7ec-4897-a1ee-3980bf974b2c" testName="section3NavTest" computerName="Jims-MBP" duration="00:01:23.9115345" startTime="2023-01-12T16:24:23.5009500-05:00" endTime="2023-01-12T16:25:47.4128350-05:00" testType="13cdc9d9-ddb5-4fa4-a97d-d965ccfc6d4b" outcome="Passed" testListId="8c84fa94-04c1-424b-9868-57a2d4851a1d" relativeResultsDirectory="f17e5a63-235a-40a4-b82e-af0bbde0f8c6">
      <Output>
        <StdOut>Connection refused [::ffff:127.0.0.1]:63268 (localhost:63268)
Connection refused [::ffff:127.0.0.1]:63268 (localhost:63268)
Connection refused [::ffff:127.0.0.1]:63268 (localhost:63268)
Connection refused [::ffff:127.0.0.1]:63268 (localhost:63268)
Connection refused [::ffff:127.0.0.1]:63268 (localhost:63268)
Connection refused [::ffff:127.0.0.1]:63268 (localhost:63268)
Connection refused [::ffff:127.0.0.1]:63268 (localhost:63268)
2023-01-12 21:24:24Z [INFO] Adding Ability for Screenplay Actor 'Alex Morgan' to browse the Web with OpenQA.Selenium.Chrome.ChromeDriver
2023-01-12 21:24:24Z [INFO] Screenplay Actor 'Alex Morgan' attempts to navigate browser to 'https://windev2212eval/'
2023-01-12 21:24:25Z [INFO] Screenplay Actor 'Alex Morgan' successfully did navigate browser to 'https://windev2212eval/'
2023-01-12 21:24:25Z [INFO] Screenplay Actor 'Alex Morgan' attempts to StaffLogin
2023-01-12 21:24:25Z [INFO] Screenplay Actor 'Alex Morgan' attempts to clear using backspaces, then send keys 'asoria' to Username
2023-01-12 21:24:25Z [INFO] Screenplay Actor 'Alex Morgan' asks for wait until appearance of 'Username' is equal to 'True'
2023-01-12 21:24:26Z [INFO] wait until appearance of 'Username' is equal to 'True' for up to 30s was True
2023-01-12 21:24:27Z [INFO] Screenplay Actor 'Alex Morgan' successfully did clear using backspaces, then send keys 'asoria' to Username
2023-01-12 21:24:27Z [INFO] Screenplay Actor 'Alex Morgan' attempts to clear using backspaces, then send keys 'demo123' to Password
2023-01-12 21:24:27Z [INFO] Screenplay Actor 'Alex Morgan' asks for wait until appearance of 'Password' is equal to 'True'
2023-01-12 21:24:28Z [INFO] wait until appearance of 'Password' is equal to 'True' for up to 30s was True
2023-01-12 21:24:29Z [INFO] Screenplay Actor 'Alex Morgan' successfully did clear using backspaces, then send keys 'demo123' to Password
2023-01-12 21:24:29Z [INFO] Screenplay Actor 'Alex Morgan' attempts to click on 'Sign in'
2023-01-12 21:24:29Z [INFO] Screenplay Actor 'Alex Morgan' asks for wait until appearance of 'Sign in' is equal to 'True'
2023-01-12 21:24:29Z [INFO] wait until appearance of 'Sign in' is equal to 'True' for up to 30s was True
2023-01-12 21:24:29Z [INFO] Screenplay Actor 'Alex Morgan' successfully did click on 'Sign in'
2023-01-12 21:24:29Z [INFO] Screenplay Actor 'Alex Morgan' successfully did StaffLogin
2023-01-12 21:24:29Z [INFO] Screenplay Actor 'Alex Morgan' attempts to click on 'header xpath link tab'
2023-01-12 21:24:29Z [INFO] Screenplay Actor 'Alex Morgan' asks for wait until appearance of 'header xpath link tab' is equal to 'True'
2023-01-12 21:24:31Z [INFO] wait until appearance of 'header xpath link tab' is equal to 'True' for up to 30s was True
2023-01-12 21:24:32Z [INFO] Screenplay Actor 'Alex Morgan' successfully did click on 'header xpath link tab'
2023-01-12 21:24:34Z [INFO] Screenplay Actor 'Alex Morgan' asks for wait until appearance of 'iMIS Search Input' is equal to 'True'
2023-01-12 21:24:34Z [INFO] wait until appearance of 'iMIS Search Input' is equal to 'True' for up to 30s was True
2023-01-12 21:24:37Z [INFO] Screenplay Actor 'Alex Morgan' attempts to click on 'engagement tab'
2023-01-12 21:24:37Z [INFO] Screenplay Actor 'Alex Morgan' asks for wait until appearance of 'engagement tab' is equal to 'True'
2023-01-12 21:24:37Z [INFO] wait until appearance of 'engagement tab' is equal to 'True' for up to 30s was True
2023-01-12 21:24:37Z [INFO] Screenplay Actor 'Alex Morgan' successfully did click on 'engagement tab'
2023-01-12 21:24:38Z [INFO] Screenplay Actor 'Alex Morgan' asks for wait until appearance of 'iMIS Search Input' is equal to 'True'
2023-01-12 21:24:38Z [INFO] wait until appearance of 'iMIS Search Input' is equal to 'True' for up to 30s was True
2023-01-12 21:24:41Z [INFO] Screenplay Actor 'Alex Morgan' attempts to click on 'overall tab'
2023-01-12 21:24:41Z [INFO] Screenplay Actor 'Alex Morgan' asks for wait until appearance of 'overall tab' is equal to 'True'
2023-01-12 21:24:41Z [INFO] wait until appearance of 'overall tab' is equal to 'True' for up to 30s was True
2023-01-12 21:24:43Z [INFO] Screenplay Actor 'Alex Morgan' successfully did click on 'overall tab'
2023-01-12 21:24:45Z [INFO] Screenplay Actor 'Alex Morgan' asks for wait until appearance of 'iMIS Search Input' is equal to 'True'
2023-01-12 21:24:45Z [INFO] wait until appearance of 'iMIS Search Input' is equal to 'True' for up to 30s was True
2023-01-12 21:24:47Z [INFO] Screenplay Actor 'Alex Morgan' attempts to click on 'by component tab'
2023-01-12 21:24:47Z [INFO] Screenplay Actor 'Alex Morgan' asks for wait until appearance of 'by component tab' is equal to 'True'
2023-01-12 21:24:47Z [INFO] wait until appearance of 'by component tab' is equal to 'True' for up to 30s was True
2023-01-12 21:24:47Z [INFO] Screenplay Actor 'Alex Morgan' successfully did click on 'by component tab'
2023-01-12 21:24:49Z [INFO] Screenplay Actor 'Alex Morgan' asks for wait until appearance of 'iMIS Search Input' is equal to 'True'
2023-01-12 21:24:49Z [INFO] wait until appearance of 'iMIS Search Input' is equal to 'True' for up to 30s was True
2023-01-12 21:24:51Z [INFO] Screenplay Actor 'Alex Morgan' attempts to click on 'at risck contacts tab'
2023-01-12 21:24:51Z [INFO] Screenplay Actor 'Alex Morgan' asks for wait until appearance of 'at risck contacts tab' is equal to 'True'
2023-01-12 21:24:51Z [INFO] wait until appearance of 'at risck contacts tab' is equal to 'True' for up to 30s was True
2023-01-12 21:24:51Z [INFO] Screenplay Actor 'Alex Morgan' successfully did click on 'at risck contacts tab'
2023-01-12 21:24:53Z [INFO] Screenplay Actor 'Alex Morgan' asks for wait until appearance of 'iMIS Search Input' is equal to 'True'
2023-01-12 21:24:53Z [INFO] wait until appearance of 'iMIS Search Input' is equal to 'True' for up to 30s was True
2023-01-12 21:24:56Z [INFO] Screenplay Actor 'Alex Morgan' attempts to click on 'dashboard tab'
2023-01-12 21:24:56Z [INFO] Screenplay Actor 'Alex Morgan' asks for wait until appearance of 'dashboard tab' is equal to 'True'
2023-01-12 21:24:56Z [INFO] wait until appearance of 'dashboard tab' is equal to 'True' for up to 30s was True
2023-01-12 21:24:57Z [INFO] Screenplay Actor 'Alex Morgan' successfully did click on 'dashboard tab'
2023-01-12 21:24:58Z [INFO] Screenplay Actor 'Alex Morgan' asks for wait until appearance of 'iMIS Search Input' is equal to 'True'
2023-01-12 21:24:58Z [INFO] wait until appearance of 'iMIS Search Input' is equal to 'True' for up to 30s was True
2023-01-12 21:25:01Z [INFO] Screenplay Actor 'Alex Morgan' attempts to click on 'commerce tab'
2023-01-12 21:25:01Z [INFO] Screenplay Actor 'Alex Morgan' asks for wait until appearance of 'commerce tab' is equal to 'True'
2023-01-12 21:25:01Z [INFO] wait until appearance of 'commerce tab' is equal to 'True' for up to 30s was True
2023-01-12 21:25:01Z [INFO] Screenplay Actor 'Alex Morgan' successfully did click on 'commerce tab'
2023-01-12 21:25:03Z [INFO] Screenplay Actor 'Alex Morgan' asks for wait until appearance of 'iMIS Search Input' is equal to 'True'
2023-01-12 21:25:03Z [INFO] wait until appearance of 'iMIS Search Input' is equal to 'True' for up to 30s was True
2023-01-12 21:25:05Z [INFO] Screenplay Actor 'Alex Morgan' attempts to click on 'marketing tab'
2023-01-12 21:25:05Z [INFO] Screenplay Actor 'Alex Morgan' asks for wait until appearance of 'marketing tab' is equal to 'True'
2023-01-12 21:25:05Z [INFO] wait until appearance of 'marketing tab' is equal to 'True' for up to 30s was True
2023-01-12 21:25:05Z [INFO] Screenplay Actor 'Alex Morgan' successfully did click on 'marketing tab'
2023-01-12 21:25:07Z [INFO] Screenplay Actor 'Alex Morgan' asks for wait until appearance of 'iMIS Search Input' is equal to 'True'
2023-01-12 21:25:07Z [INFO] wait until appearance of 'iMIS Search Input' is equal to 'True' for up to 30s was True
2023-01-12 21:25:10Z [INFO] Screenplay Actor 'Alex Morgan' attempts to click on 'marketing communication dashboard tab'
2023-01-12 21:25:10Z [INFO] Screenplay Actor 'Alex Morgan' asks for wait until appearance of 'marketing communication dashboard tab' is equal to 'True'
2023-01-12 21:25:10Z [INFO] wait until appearance of 'marketing communication dashboard tab' is equal to 'True' for up to 30s was True
2023-01-12 21:25:11Z [INFO] Screenplay Actor 'Alex Morgan' successfully did click on 'marketing communication dashboard tab'
2023-01-12 21:25:13Z [INFO] Screenplay Actor 'Alex Morgan' asks for wait until appearance of 'iMIS Search Input' is equal to 'True'
2023-01-12 21:25:13Z [INFO] wait until appearance of 'iMIS Search Input' is equal to 'True' for up to 30s was True
2023-01-12 21:25:16Z [INFO] Screenplay Actor 'Alex Morgan' attempts to click on 'finance tab'
2023-01-12 21:25:16Z [INFO] Screenplay Actor 'Alex Morgan' asks for wait until appearance of 'finance tab' is equal to 'True'
2023-01-12 21:25:16Z [INFO] wait until appearance of 'finance tab' is equal to 'True' for up to 30s was True
2023-01-12 21:25:16Z [INFO] Screenplay Actor 'Alex Morgan' successfully did click on 'finance tab'
2023-01-12 21:25:18Z [INFO] Screenplay Actor 'Alex Morgan' asks for wait until appearance of 'iMIS Search Input' is equal to 'True'
2023-01-12 21:25:18Z [INFO] wait until appearance of 'iMIS Search Input' is equal to 'True' for up to 30s was True
2023-01-12 21:25:20Z [INFO] Screenplay Actor 'Alex Morgan' attempts to click on 'finance dashboard tab'
2023-01-12 21:25:20Z [INFO] Screenplay Actor 'Alex Morgan' asks for wait until appearance of 'finance dashboard tab' is equal to 'True'
2023-01-12 21:25:20Z [INFO] wait until appearance of 'finance dashboard tab' is equal to 'True' for up to 30s was True
2023-01-12 21:25:22Z [INFO] Screenplay Actor 'Alex Morgan' successfully did click on 'finance dashboard tab'
2023-01-12 21:25:23Z [INFO] Screenplay Actor 'Alex Morgan' asks for wait until appearance of 'iMIS Search Input' is equal to 'True'
2023-01-12 21:25:23Z [INFO] wait until appearance of 'iMIS Search Input' is equal to 'True' for up to 30s was True
2023-01-12 21:25:26Z [INFO] Screenplay Actor 'Alex Morgan' attempts to click on 'finance pay control tab'
2023-01-12 21:25:26Z [INFO] Screenplay Actor 'Alex Morgan' asks for wait until appearance of 'finance pay control tab' is equal to 'True'
2023-01-12 21:25:26Z [INFO] wait until appearance of 'finance pay control tab' is equal to 'True' for up to 30s was True
2023-01-12 21:25:26Z [INFO] Screenplay Actor 'Alex Morgan' successfully did click on 'finance pay control tab'
2023-01-12 21:25:28Z [INFO] Screenplay Actor 'Alex Morgan' asks for wait until appearance of 'iMIS Search Input' is equal to 'True'
2023-01-12 21:25:28Z [INFO] wait until appearance of 'iMIS Search Input' is equal to 'True' for up to 30s was True
2023-01-12 21:25:30Z [INFO] Screenplay Actor 'Alex Morgan' attempts to click on 'finance pay control dashboard tab'
2023-01-12 21:25:30Z [INFO] Screenplay Actor 'Alex Morgan' asks for wait until appearance of 'finance pay control dashboard tab' is equal to 'True'
2023-01-12 21:25:30Z [INFO] wait until appearance of 'finance pay control dashboard tab' is equal to 'True' for up to 30s was True
2023-01-12 21:25:32Z [INFO] Screenplay Actor 'Alex Morgan' successfully did click on 'finance pay control dashboard tab'
2023-01-12 21:25:33Z [INFO] Screenplay Actor 'Alex Morgan' asks for wait until appearance of 'iMIS Search Input' is equal to 'True'
2023-01-12 21:25:33Z [INFO] wait until appearance of 'iMIS Search Input' is equal to 'True' for up to 30s was True
2023-01-12 21:25:36Z [INFO] Screenplay Actor 'Alex Morgan' attempts to click on 'continuum tab'
2023-01-12 21:25:36Z [INFO] Screenplay Actor 'Alex Morgan' asks for wait until appearance of 'continuum tab' is equal to 'True'
2023-01-12 21:25:36Z [INFO] wait until appearance of 'continuum tab' is equal to 'True' for up to 30s was True
2023-01-12 21:25:36Z [INFO] Screenplay Actor 'Alex Morgan' successfully did click on 'continuum tab'
2023-01-12 21:25:37Z [INFO] Screenplay Actor 'Alex Morgan' asks for wait until appearance of 'iMIS Search Input' is equal to 'True'
2023-01-12 21:25:37Z [INFO] wait until appearance of 'iMIS Search Input' is equal to 'True' for up to 30s was True
2023-01-12 21:25:39Z [INFO] Screenplay Actor 'Alex Morgan' attempts to click on 'continuum membership request tab'
2023-01-12 21:25:39Z [INFO] Screenplay Actor 'Alex Morgan' asks for wait until appearance of 'continuum membership request tab' is equal to 'True'
2023-01-12 21:25:39Z [INFO] wait until appearance of 'continuum membership request tab' is equal to 'True' for up to 30s was True
2023-01-12 21:25:41Z [INFO] Screenplay Actor 'Alex Morgan' successfully did click on 'continuum membership request tab'
2023-01-12 21:25:41Z [INFO] Screenplay Actor 'Alex Morgan' attempts to click on 'continuum all reports tab'
2023-01-12 21:25:41Z [INFO] Screenplay Actor 'Alex Morgan' asks for wait until appearance of 'continuum all reports tab' is equal to 'True'
2023-01-12 21:25:41Z [INFO] wait until appearance of 'continuum all reports tab' is equal to 'True' for up to 30s was True
2023-01-12 21:25:42Z [INFO] Screenplay Actor 'Alex Morgan' successfully did click on 'continuum all reports tab'
2023-01-12 21:25:42Z [INFO] Screenplay Actor 'Alex Morgan' attempts to click on 'rise tab'
2023-01-12 21:25:42Z [INFO] Screenplay Actor 'Alex Morgan' asks for wait until appearance of 'rise tab' is equal to 'True'
2023-01-12 21:25:42Z [INFO] wait until appearance of 'rise tab' is equal to 'True' for up to 30s was True
2023-01-12 21:25:42Z [INFO] Screenplay Actor 'Alex Morgan' successfully did click on 'rise tab'
2023-01-12 21:25:44Z [INFO] Screenplay Actor 'Alex Morgan' attempts to click on 'explore apps link'
2023-01-12 21:25:44Z [INFO] Screenplay Actor 'Alex Morgan' asks for wait until appearance of 'explore apps link' is equal to 'True'
2023-01-12 21:25:45Z [INFO] wait until appearance of 'explore apps link' is equal to 'True' for up to 30s was True
2023-01-12 21:25:45Z [INFO] Screenplay Actor 'Alex Morgan' successfully did click on 'explore apps link'
2023-01-12 21:25:47Z [INFO] Screenplay Actor 'Alex Morgan' attempts to quit the WebDriver
2023-01-12 21:25:47Z [INFO] Screenplay Actor 'Alex Morgan' successfully did quit the WebDriver</StdOut>
      </Output>
    </UnitTestResult>
    <UnitTestResult executionId="eecef487-ef7d-4e76-8186-32c006522a23" testId="ec7d1bc4-a7df-411b-b48d-ecba14f2a595" testName="MemberNavigateTest" computerName="Jims-MBP" duration="00:00:16.3564936" startTime="2023-01-12T16:24:07.1437470-05:00" endTime="2023-01-12T16:24:23.5004320-05:00" testType="13cdc9d9-ddb5-4fa4-a97d-d965ccfc6d4b" outcome="Passed" testListId="8c84fa94-04c1-424b-9868-57a2d4851a1d" relativeResultsDirectory="eecef487-ef7d-4e76-8186-32c006522a23">
      <Output>
        <StdOut>Connection refused [::ffff:127.0.0.1]:63230 (localhost:63230)
Connection refused [::ffff:127.0.0.1]:63230 (localhost:63230)
Connection refused [::ffff:127.0.0.1]:63230 (localhost:63230)
Connection refused [::ffff:127.0.0.1]:63230 (localhost:63230)
Connection refused [::ffff:127.0.0.1]:63230 (localhost:63230)
Connection refused [::ffff:127.0.0.1]:63230 (localhost:63230)
Connection refused [::ffff:127.0.0.1]:63230 (localhost:63230)
2023-01-12 21:24:07Z [INFO] Adding Ability for Screenplay Actor 'Alex Morgan' to browse the Web with OpenQA.Selenium.Chrome.ChromeDriver
2023-01-12 21:24:07Z [INFO] Screenplay Actor 'Alex Morgan' attempts to navigate browser to 'https://windev2212eval/iSamples/MemberR'
2023-01-12 21:24:09Z [INFO] Screenplay Actor 'Alex Morgan' successfully did navigate browser to 'https://windev2212eval/iSamples/MemberR'
2023-01-12 21:24:09Z [INFO] Screenplay Actor 'Alex Morgan' attempts to As1.MemberLogin
2023-01-12 21:24:09Z [INFO] Screenplay Actor 'Alex Morgan' asks for wait until appearance of 'signinlink' is equal to 'True'
2023-01-12 21:24:09Z [INFO] wait until appearance of 'signinlink' is equal to 'True' for up to 30s was True
2023-01-12 21:24:10Z [INFO] Screenplay Actor 'Alex Morgan' attempts to click on 'signinlink'
2023-01-12 21:24:10Z [INFO] Screenplay Actor 'Alex Morgan' asks for wait until appearance of 'signinlink' is equal to 'True'
2023-01-12 21:24:10Z [INFO] wait until appearance of 'signinlink' is equal to 'True' for up to 30s was True
2023-01-12 21:24:10Z [INFO] Screenplay Actor 'Alex Morgan' successfully did click on 'signinlink'
2023-01-12 21:24:10Z [INFO] Screenplay Actor 'Alex Morgan' attempts to clear using backspaces, then send keys 'alexm' to Username
2023-01-12 21:24:10Z [INFO] Screenplay Actor 'Alex Morgan' asks for wait until appearance of 'Username' is equal to 'True'
2023-01-12 21:24:10Z [INFO] wait until appearance of 'Username' is equal to 'True' for up to 30s was True
2023-01-12 21:24:11Z [INFO] Screenplay Actor 'Alex Morgan' successfully did clear using backspaces, then send keys 'alexm' to Username
2023-01-12 21:24:11Z [INFO] Screenplay Actor 'Alex Morgan' attempts to clear using backspaces, then send keys 'demo123' to Password
2023-01-12 21:24:11Z [INFO] Screenplay Actor 'Alex Morgan' asks for wait until appearance of 'Password' is equal to 'True'
2023-01-12 21:24:11Z [INFO] wait until appearance of 'Password' is equal to 'True' for up to 30s was True
2023-01-12 21:24:11Z [INFO] Screenplay Actor 'Alex Morgan' successfully did clear using backspaces, then send keys 'demo123' to Password
2023-01-12 21:24:11Z [INFO] Screenplay Actor 'Alex Morgan' attempts to click on 'Sign in'
2023-01-12 21:24:11Z [INFO] Screenplay Actor 'Alex Morgan' asks for wait until appearance of 'Sign in' is equal to 'True'
2023-01-12 21:24:11Z [INFO] wait until appearance of 'Sign in' is equal to 'True' for up to 30s was True
2023-01-12 21:24:11Z [INFO] Screenplay Actor 'Alex Morgan' successfully did click on 'Sign in'
2023-01-12 21:24:11Z [INFO] Screenplay Actor 'Alex Morgan' successfully did As1.MemberLogin
2023-01-12 21:24:11Z [INFO] Screenplay Actor 'Alex Morgan' attempts to click on 'Give now link'
2023-01-12 21:24:11Z [INFO] Screenplay Actor 'Alex Morgan' asks for wait until appearance of 'Give now link' is equal to 'True'
2023-01-12 21:24:11Z [INFO] wait until appearance of 'Give now link' is equal to 'True' for up to 30s was True
2023-01-12 21:24:16Z [INFO] Screenplay Actor 'Alex Morgan' successfully did click on 'Give now link'
2023-01-12 21:24:16Z [INFO] Screenplay Actor 'Alex Morgan' attempts to click on 'Events link'
2023-01-12 21:24:16Z [INFO] Screenplay Actor 'Alex Morgan' asks for wait until appearance of 'Events link' is equal to 'True'
2023-01-12 21:24:16Z [INFO] wait until appearance of 'Events link' is equal to 'True' for up to 30s was True
2023-01-12 21:24:17Z [INFO] Screenplay Actor 'Alex Morgan' successfully did click on 'Events link'
2023-01-12 21:24:23Z [INFO] Screenplay Actor 'Alex Morgan' attempts to quit the WebDriver
2023-01-12 21:24:23Z [INFO] Screenplay Actor 'Alex Morgan' successfully did quit the WebDriver</StdOut>
      </Output>
    </UnitTestResult>
    <UnitTestResult executionId="12c7e866-4416-428b-bd37-ef8a69463442" testId="f1312d19-d00b-4d58-9c20-021935c68d24" testName="MemberLoginTest" computerName="Jims-MBP" duration="00:00:14.7553752" startTime="2023-01-12T16:23:23.6054990-05:00" endTime="2023-01-12T16:23:38.3613380-05:00" testType="13cdc9d9-ddb5-4fa4-a97d-d965ccfc6d4b" outcome="Passed" testListId="8c84fa94-04c1-424b-9868-57a2d4851a1d" relativeResultsDirectory="12c7e866-4416-428b-bd37-ef8a69463442">
      <Output>
        <StdOut>Connection refused [::ffff:127.0.0.1]:63160 (localhost:63160)
Connection refused [::ffff:127.0.0.1]:63160 (localhost:63160)
Connection refused [::ffff:127.0.0.1]:63160 (localhost:63160)
Connection refused [::ffff:127.0.0.1]:63160 (localhost:63160)
2023-01-12 21:23:24Z [INFO] Adding Ability for Screenplay Actor 'Alex Morgan' to browse the Web with OpenQA.Selenium.Chrome.ChromeDriver
2023-01-12 21:23:24Z [INFO] Screenplay Actor 'Alex Morgan' attempts to navigate browser to 'https://windev2212eval/iSamples/MemberR'
2023-01-12 21:23:28Z [INFO] Screenplay Actor 'Alex Morgan' successfully did navigate browser to 'https://windev2212eval/iSamples/MemberR'
2023-01-12 21:23:28Z [INFO] Screenplay Actor 'Alex Morgan' attempts to As1.MemberLogin
2023-01-12 21:23:28Z [INFO] Screenplay Actor 'Alex Morgan' asks for wait until appearance of 'signinlink' is equal to 'True'
2023-01-12 21:23:28Z [INFO] wait until appearance of 'signinlink' is equal to 'True' for up to 30s was True
2023-01-12 21:23:29Z [INFO] Screenplay Actor 'Alex Morgan' attempts to click on 'signinlink'
2023-01-12 21:23:29Z [INFO] Screenplay Actor 'Alex Morgan' asks for wait until appearance of 'signinlink' is equal to 'True'
2023-01-12 21:23:29Z [INFO] wait until appearance of 'signinlink' is equal to 'True' for up to 30s was True
2023-01-12 21:23:29Z [INFO] Screenplay Actor 'Alex Morgan' successfully did click on 'signinlink'
2023-01-12 21:23:29Z [INFO] Screenplay Actor 'Alex Morgan' attempts to clear using backspaces, then send keys 'alexm' to Username
2023-01-12 21:23:29Z [INFO] Screenplay Actor 'Alex Morgan' asks for wait until appearance of 'Username' is equal to 'True'
2023-01-12 21:23:30Z [INFO] wait until appearance of 'Username' is equal to 'True' for up to 30s was True
2023-01-12 21:23:30Z [INFO] Screenplay Actor 'Alex Morgan' successfully did clear using backspaces, then send keys 'alexm' to Username
2023-01-12 21:23:30Z [INFO] Screenplay Actor 'Alex Morgan' attempts to clear using backspaces, then send keys 'demo123' to Password
2023-01-12 21:23:30Z [INFO] Screenplay Actor 'Alex Morgan' asks for wait until appearance of 'Password' is equal to 'True'
2023-01-12 21:23:30Z [INFO] wait until appearance of 'Password' is equal to 'True' for up to 30s was True
2023-01-12 21:23:30Z [INFO] Screenplay Actor 'Alex Morgan' successfully did clear using backspaces, then send keys 'demo123' to Password
2023-01-12 21:23:30Z [INFO] Screenplay Actor 'Alex Morgan' attempts to click on 'Sign in'
2023-01-12 21:23:30Z [INFO] Screenplay Actor 'Alex Morgan' asks for wait until appearance of 'Sign in' is equal to 'True'
2023-01-12 21:23:30Z [INFO] wait until appearance of 'Sign in' is equal to 'True' for up to 30s was True
2023-01-12 21:23:30Z [INFO] Screenplay Actor 'Alex Morgan' successfully did click on 'Sign in'
2023-01-12 21:23:30Z [INFO] Screenplay Actor 'Alex Morgan' successfully did As1.MemberLogin
2023-01-12 21:23:38Z [INFO] Screenplay Actor 'Alex Morgan' attempts to quit the WebDriver
2023-01-12 21:23:38Z [INFO] Screenplay Actor 'Alex Morgan' successfully did quit the WebDriver</StdOut>
      </Output>
    </UnitTestResult>
    <UnitTestResult executionId="0f086dd0-3b83-4156-88b5-8652b298a15b" testId="76bd1454-f4a3-4c2b-922c-c7a46c79432a" testName="v10_Verify_CartNoPayment_JoinRetired_RECmp4Test" computerName="Jims-MBP" duration="00:00:35.9883953" startTime="2023-01-12T16:26:34.2545020-05:00" endTime="2023-01-12T16:27:10.2500570-05:00" testType="13cdc9d9-ddb5-4fa4-a97d-d965ccfc6d4b" outcome="Failed" testListId="8c84fa94-04c1-424b-9868-57a2d4851a1d" relativeResultsDirectory="0f086dd0-3b83-4156-88b5-8652b298a15b">
      <Output>
        <StdOut>Connection refused [::ffff:127.0.0.1]:63402 (localhost:63402)
2023-01-12 21:26:35Z [INFO] Adding Ability for Screenplay Actor 'Alex Morgan' to browse the Web with OpenQA.Selenium.Chrome.ChromeDriver
2023-01-12 21:26:35Z [INFO] Screenplay Actor 'Alex Morgan' attempts to navigate browser to 'https://windev2212eval/'
2023-01-12 21:26:37Z [INFO] Screenplay Actor 'Alex Morgan' successfully did navigate browser to 'https://windev2212eval/'
2023-01-12 21:26:37Z [INFO] Screenplay Actor 'Alex Morgan' attempts to StaffLogin
2023-01-12 21:26:37Z [INFO] Screenplay Actor 'Alex Morgan' attempts to clear using backspaces, then send keys 'asoria' to Username
2023-01-12 21:26:37Z [INFO] Screenplay Actor 'Alex Morgan' asks for wait until appearance of 'Username' is equal to 'True'
2023-01-12 21:26:37Z [INFO] wait until appearance of 'Username' is equal to 'True' for up to 30s was True
2023-01-12 21:26:38Z [INFO] Screenplay Actor 'Alex Morgan' successfully did clear using backspaces, then send keys 'asoria' to Username
2023-01-12 21:26:38Z [INFO] Screenplay Actor 'Alex Morgan' attempts to clear using backspaces, then send keys 'demo123' to Password
2023-01-12 21:26:38Z [INFO] Screenplay Actor 'Alex Morgan' asks for wait until appearance of 'Password' is equal to 'True'
2023-01-12 21:26:38Z [INFO] wait until appearance of 'Password' is equal to 'True' for up to 30s was True
2023-01-12 21:26:38Z [INFO] Screenplay Actor 'Alex Morgan' successfully did clear using backspaces, then send keys 'demo123' to Password
2023-01-12 21:26:38Z [INFO] Screenplay Actor 'Alex Morgan' attempts to click on 'Sign in'
2023-01-12 21:26:38Z [INFO] Screenplay Actor 'Alex Morgan' asks for wait until appearance of 'Sign in' is equal to 'True'
2023-01-12 21:26:38Z [INFO] wait until appearance of 'Sign in' is equal to 'True' for up to 30s was True
2023-01-12 21:26:39Z [INFO] Screenplay Actor 'Alex Morgan' successfully did click on 'Sign in'
2023-01-12 21:26:39Z [INFO] Screenplay Actor 'Alex Morgan' successfully did StaffLogin
2023-01-12 21:26:39Z [INFO] Screenplay Actor 'Alex Morgan' asks for wait until appearance of 'iMIS Search Input' is equal to 'True'
2023-01-12 21:26:41Z [WARNING] OpenQA.Selenium.StaleElementReferenceException: stale element reference: element is not attached to the page document
  (Session info: headless chrome=108.0.5359.124)
   at OpenQA.Selenium.WebDriver.UnpackAndThrowOnError(Response errorResponse, String commandToExecute)
   at OpenQA.Selenium.WebDriver.Execute(String driverCommandToExecute, Dictionary`2 parameters)
   at OpenQA.Selenium.WebDriver.InternalExecute(String driverCommandToExecute, Dictionary`2 parameters)
   at OpenQA.Selenium.WebElement.Execute(String commandToExecute, Dictionary`2 parameters)
   at OpenQA.Selenium.WebElement.get_Displayed()
   at Boa.Constrictor.Selenium.Appearance.RequestAs(IActor actor, IWebDriver driver) in D:\a\boa-constrictor\boa-constrictor\Boa.Constrictor\WebDriver\Questions\Appearance.cs:line 68
2023-01-12 21:26:41Z [INFO] wait until appearance of 'iMIS Search Input' is equal to 'True' for up to 30s was True
2023-01-12 21:26:41Z [INFO] Screenplay Actor 'Alex Morgan' attempts to click on 'Add contact'
2023-01-12 21:26:41Z [INFO] Screenplay Actor 'Alex Morgan' asks for wait until appearance of 'Add contact' is equal to 'True'
2023-01-12 21:26:41Z [INFO] wait until appearance of 'Add contact' is equal to 'True' for up to 30s was True
2023-01-12 21:26:43Z [INFO] Screenplay Actor 'Alex Morgan' successfully did click on 'Add contact'
2023-01-12 21:26:44Z [INFO] Screenplay Actor 'Alex Morgan' attempts to AddContacts
2023-01-12 21:26:44Z [INFO] Screenplay Actor 'Alex Morgan' attempts to clear using backspaces, then send keys 'Jose' to First name
2023-01-12 21:26:44Z [INFO] Screenplay Actor 'Alex Morgan' asks for wait until appearance of 'First name' is equal to 'True'
2023-01-12 21:26:44Z [INFO] wait until appearance of 'First name' is equal to 'True' for up to 30s was True
2023-01-12 21:26:44Z [INFO] Screenplay Actor 'Alex Morgan' successfully did clear using backspaces, then send keys 'Jose' to First name
2023-01-12 21:26:44Z [INFO] Screenplay Actor 'Alex Morgan' attempts to clear using backspaces, then send keys 'Miller' to Last name
2023-01-12 21:26:44Z [INFO] Screenplay Actor 'Alex Morgan' asks for wait until appearance of 'Last name' is equal to 'True'
2023-01-12 21:26:44Z [INFO] wait until appearance of 'Last name' is equal to 'True' for up to 30s was True
2023-01-12 21:26:44Z [INFO] Screenplay Actor 'Alex Morgan' successfully did clear using backspaces, then send keys 'Miller' to Last name
2023-01-12 21:26:44Z [INFO] Screenplay Actor 'Alex Morgan' attempts to click on 'Save'
2023-01-12 21:26:44Z [INFO] Screenplay Actor 'Alex Morgan' asks for wait until appearance of 'Save' is equal to 'True'
2023-01-12 21:26:44Z [INFO] wait until appearance of 'Save' is equal to 'True' for up to 30s was True
2023-01-12 21:26:47Z [INFO] Screenplay Actor 'Alex Morgan' successfully did click on 'Save'
2023-01-12 21:26:47Z [INFO] Screenplay Actor 'Alex Morgan' successfully did AddContacts
2023-01-12 21:26:47Z [INFO] Screenplay Actor 'Alex Morgan' asks for wait until appearance of 'Engagement Score' is equal to 'True'
2023-01-12 21:26:47Z [INFO] wait until appearance of 'Engagement Score' is equal to 'True' for up to 30s was True
2023-01-12 21:26:48Z [INFO] Screenplay Actor 'Alex Morgan' asks for wait until appearance of 'iMIS Search Input' is equal to 'True'
2023-01-12 21:26:48Z [INFO] wait until appearance of 'iMIS Search Input' is equal to 'True' for up to 30s was True
2023-01-12 21:26:51Z [INFO] Screenplay Actor 'Alex Morgan' attempts to click on 'Join Now'
2023-01-12 21:26:51Z [INFO] Screenplay Actor 'Alex Morgan' asks for wait until appearance of 'Join Now' is equal to 'True'
2023-01-12 21:26:51Z [INFO] wait until appearance of 'Join Now' is equal to 'True' for up to 30s was True
2023-01-12 21:26:53Z [INFO] Screenplay Actor 'Alex Morgan' successfully did click on 'Join Now'
2023-01-12 21:26:53Z [INFO] Screenplay Actor 'Alex Morgan' asks for wait until appearance of 'Join Porduct' is equal to 'True'
2023-01-12 21:26:53Z [INFO] wait until appearance of 'Join Porduct' is equal to 'True' for up to 30s was True
2023-01-12 21:26:53Z [INFO] Screenplay Actor 'Alex Morgan' attempts to click on 'retired members'
2023-01-12 21:26:53Z [INFO] Screenplay Actor 'Alex Morgan' asks for wait until appearance of 'retired members' is equal to 'True'
2023-01-12 21:26:53Z [INFO] wait until appearance of 'retired members' is equal to 'True' for up to 30s was True
2023-01-12 21:26:54Z [INFO] Screenplay Actor 'Alex Morgan' successfully did click on 'retired members'
2023-01-12 21:26:54Z [INFO] Screenplay Actor 'Alex Morgan' asks for wait until appearance of 'Update Cart' is equal to 'True'
2023-01-12 21:26:54Z [INFO] wait until appearance of 'Update Cart' is equal to 'True' for up to 30s was True
2023-01-12 21:26:54Z [INFO] Screenplay Actor 'Alex Morgan' attempts to click on 'Update Cart'
2023-01-12 21:26:54Z [INFO] Screenplay Actor 'Alex Morgan' asks for wait until appearance of 'Update Cart' is equal to 'True'
2023-01-12 21:26:54Z [INFO] wait until appearance of 'Update Cart' is equal to 'True' for up to 30s was True
2023-01-12 21:26:56Z [INFO] Screenplay Actor 'Alex Morgan' successfully did click on 'Update Cart'
2023-01-12 21:26:56Z [INFO] Screenplay Actor 'Alex Morgan' asks for wait until appearance of 'Proceed to Checkout' is equal to 'True'
2023-01-12 21:26:56Z [INFO] wait until appearance of 'Proceed to Checkout' is equal to 'True' for up to 30s was True
2023-01-12 21:26:56Z [INFO] Screenplay Actor 'Alex Morgan' attempts to click on 'Proceed to Checkout'
2023-01-12 21:26:56Z [INFO] Screenplay Actor 'Alex Morgan' asks for wait until appearance of 'Proceed to Checkout' is equal to 'True'
2023-01-12 21:26:56Z [INFO] wait until appearance of 'Proceed to Checkout' is equal to 'True' for up to 30s was True
2023-01-12 21:26:56Z [INFO] Screenplay Actor 'Alex Morgan' successfully did click on 'Proceed to Checkout'
2023-01-12 21:26:56Z [INFO] Screenplay Actor 'Alex Morgan' asks for wait until appearance of 'SubmitOrderButton' is equal to 'True'
2023-01-12 21:26:58Z [INFO] wait until appearance of 'SubmitOrderButton' is equal to 'True' for up to 30s was True
2023-01-12 21:26:58Z [INFO] Screenplay Actor 'Alex Morgan' attempts to click on 'SubmitOrderButton'
2023-01-12 21:26:58Z [INFO] Screenplay Actor 'Alex Morgan' asks for wait until appearance of 'SubmitOrderButton' is equal to 'True'
2023-01-12 21:26:58Z [INFO] wait until appearance of 'SubmitOrderButton' is equal to 'True' for up to 30s was True
2023-01-12 21:27:01Z [INFO] Screenplay Actor 'Alex Morgan' successfully did click on 'SubmitOrderButton'
2023-01-12 21:27:01Z [INFO] Screenplay Actor 'Alex Morgan' asks for wait until appearance of 'SubmitOrderButton' is equal to 'True'
2023-01-12 21:27:01Z [INFO] wait until appearance of 'SubmitOrderButton' is equal to 'True' for up to 30s was True
2023-01-12 21:27:01Z [INFO] Screenplay Actor 'Alex Morgan' attempts to click on 'SubmitOrderButton'
2023-01-12 21:27:01Z [INFO] Screenplay Actor 'Alex Morgan' asks for wait until appearance of 'SubmitOrderButton' is equal to 'True'
2023-01-12 21:27:01Z [INFO] wait until appearance of 'SubmitOrderButton' is equal to 'True' for up to 30s was True
2023-01-12 21:27:01Z [INFO] Screenplay Actor 'Alex Morgan' successfully did click on 'SubmitOrderButton'
2023-01-12 21:27:01Z [INFO] Screenplay Actor 'Alex Morgan' asks for wait until appearance of 'SubmitOrderButton' is equal to 'True'
2023-01-12 21:27:01Z [INFO] wait until appearance of 'SubmitOrderButton' is equal to 'True' for up to 30s was True
2023-01-12 21:27:01Z [INFO] Screenplay Actor 'Alex Morgan' attempts to click on 'SubmitOrderButton'
2023-01-12 21:27:01Z [INFO] Screenplay Actor 'Alex Morgan' asks for wait until appearance of 'SubmitOrderButton' is equal to 'True'
2023-01-12 21:27:01Z [INFO] wait until appearance of 'SubmitOrderButton' is equal to 'True' for up to 30s was True
2023-01-12 21:27:03Z [INFO] Screenplay Actor 'Alex Morgan' successfully did click on 'SubmitOrderButton'
2023-01-12 21:27:03Z [INFO] Screenplay Actor 'Alex Morgan' asks for wait until appearance of 'Engagement Score' is equal to 'True'
2023-01-12 21:27:03Z [INFO] wait until appearance of 'Engagement Score' is equal to 'True' for up to 30s was True
2023-01-12 21:27:03Z [INFO] Screenplay Actor 'Alex Morgan' attempts to click on 'MembershipSideBarLink'
2023-01-12 21:27:03Z [INFO] Screenplay Actor 'Alex Morgan' asks for wait until appearance of 'MembershipSideBarLink' is equal to 'True'
2023-01-12 21:27:03Z [INFO] wait until appearance of 'MembershipSideBarLink' is equal to 'True' for up to 30s was True
2023-01-12 21:27:03Z [INFO] Screenplay Actor 'Alex Morgan' successfully did click on 'MembershipSideBarLink'
2023-01-12 21:27:05Z [INFO] Screenplay Actor 'Alex Morgan' asks for wait until appearance of 'iMIS Search Input' is equal to 'True'
2023-01-12 21:27:06Z [INFO] wait until appearance of 'iMIS Search Input' is equal to 'True' for up to 30s was True
2023-01-12 21:27:10Z [INFO] Screenplay Actor 'Alex Morgan' attempts to quit the WebDriver
2023-01-12 21:27:10Z [INFO] Screenplay Actor 'Alex Morgan' successfully did quit the WebDriver</StdOut>
        <ErrorInfo>
          <Message>Assert.Fail failed. error found member_conference_test_fail</Message>
          <StackTrace>   at ImisUser.screenshot(String file) in /Users/jimhurd/dev/asi/asi1/lib/iMIS_actor.cs:line 95
   at As1.v10_Verify_CartNoPayment_JoinRetired_RECmp4_Test.v10_Verify_CartNoPayment_JoinRetired_RECmp4Test() in /Users/jimhurd/dev/asi/asi1/tests/v10_Verify_CartNoPayment_JoinRetired_RECmp4_test.cs:line 84
   at System.RuntimeMethodHandle.InvokeMethod(Object target, Void** arguments, Signature sig, Boolean isConstructor)
   at System.Reflection.MethodInvoker.Invoke(Object obj, IntPtr* args, BindingFlags invokeAttr)
</StackTrace>
        </ErrorInfo>
      </Output>
    </UnitTestResult>
    <UnitTestResult executionId="338756ae-9b8e-4656-8c71-993e4920b23b" testId="f0c8f780-9c84-4c03-9517-8a180095fb6e" testName="V10_OBO_Staff_MakeARefund_Imispay_test" computerName="Jims-MBP" duration="00:00:41.9637735" startTime="2023-01-12T16:25:47.4132350-05:00" endTime="2023-01-12T16:26:29.3782970-05:00" testType="13cdc9d9-ddb5-4fa4-a97d-d965ccfc6d4b" outcome="Failed" testListId="8c84fa94-04c1-424b-9868-57a2d4851a1d" relativeResultsDirectory="338756ae-9b8e-4656-8c71-993e4920b23b">
      <Output>
        <StdOut>Connection refused [::ffff:127.0.0.1]:63337 (localhost:63337)
Connection refused [::ffff:127.0.0.1]:63337 (localhost:63337)
Connection refused [::ffff:127.0.0.1]:63337 (localhost:63337)
Connection refused [::ffff:127.0.0.1]:63337 (localhost:63337)
Connection refused [::ffff:127.0.0.1]:63337 (localhost:63337)
Connection refused [::ffff:127.0.0.1]:63337 (localhost:63337)
Connection refused [::ffff:127.0.0.1]:63337 (localhost:63337)
2023-01-12 21:25:48Z [INFO] Adding Ability for Screenplay Actor 'Alex Morgan' to browse the Web with OpenQA.Selenium.Chrome.ChromeDriver
2023-01-12 21:25:48Z [INFO] Screenplay Actor 'Alex Morgan' attempts to navigate browser to 'https://windev2212eval/'
2023-01-12 21:25:49Z [INFO] Screenplay Actor 'Alex Morgan' successfully did navigate browser to 'https://windev2212eval/'
2023-01-12 21:25:49Z [INFO] Screenplay Actor 'Alex Morgan' attempts to StaffLogin
2023-01-12 21:25:49Z [INFO] Screenplay Actor 'Alex Morgan' attempts to clear using backspaces, then send keys 'asoria' to Username
2023-01-12 21:25:49Z [INFO] Screenplay Actor 'Alex Morgan' asks for wait until appearance of 'Username' is equal to 'True'
2023-01-12 21:25:49Z [INFO] wait until appearance of 'Username' is equal to 'True' for up to 30s was True
2023-01-12 21:25:51Z [INFO] Screenplay Actor 'Alex Morgan' successfully did clear using backspaces, then send keys 'asoria' to Username
2023-01-12 21:25:51Z [INFO] Screenplay Actor 'Alex Morgan' attempts to clear using backspaces, then send keys 'demo123' to Password
2023-01-12 21:25:51Z [INFO] Screenplay Actor 'Alex Morgan' asks for wait until appearance of 'Password' is equal to 'True'
2023-01-12 21:25:51Z [INFO] wait until appearance of 'Password' is equal to 'True' for up to 30s was True
2023-01-12 21:25:51Z [INFO] Screenplay Actor 'Alex Morgan' successfully did clear using backspaces, then send keys 'demo123' to Password
2023-01-12 21:25:51Z [INFO] Screenplay Actor 'Alex Morgan' attempts to click on 'Sign in'
2023-01-12 21:25:51Z [INFO] Screenplay Actor 'Alex Morgan' asks for wait until appearance of 'Sign in' is equal to 'True'
2023-01-12 21:25:51Z [INFO] wait until appearance of 'Sign in' is equal to 'True' for up to 30s was True
2023-01-12 21:25:52Z [INFO] Screenplay Actor 'Alex Morgan' successfully did click on 'Sign in'
2023-01-12 21:25:52Z [INFO] Screenplay Actor 'Alex Morgan' successfully did StaffLogin
2023-01-12 21:25:54Z [INFO] Screenplay Actor 'Alex Morgan' asks for wait until appearance of 'iMIS Search Input' is equal to 'True'
2023-01-12 21:25:54Z [INFO] wait until appearance of 'iMIS Search Input' is equal to 'True' for up to 30s was True
2023-01-12 21:25:56Z [INFO] Screenplay Actor 'Alex Morgan' attempts to click on 'select on behalf of'
2023-01-12 21:25:56Z [INFO] Screenplay Actor 'Alex Morgan' asks for wait until appearance of 'select on behalf of' is equal to 'True'
2023-01-12 21:25:56Z [INFO] wait until appearance of 'select on behalf of' is equal to 'True' for up to 30s was True
2023-01-12 21:25:56Z [INFO] Screenplay Actor 'Alex Morgan' successfully did click on 'select on behalf of'
2023-01-12 21:25:56Z [INFO] Screenplay Actor 'Alex Morgan' asks for wait until appearance of 'cancel button on Find option' is equal to 'True'</StdOut>
        <ErrorInfo>
          <Message>Test method As1.V10_OBO_Staff_MakeARefund_Imispay_test_class.V10_OBO_Staff_MakeARefund_Imispay_test threw exception: &#xD;
Boa.Constrictor.Screenplay.WaitingException`1[System.Boolean]: wait until appearance of 'cancel button on Find option' is equal to 'True' for up to 30s timed out yielding 'False'</Message>
          <StackTrace>    at Boa.Constrictor.Screenplay.AbstractWait.WaitForValue(IActor actor) in D:\a\boa-constrictor\boa-constrictor\Boa.Constrictor\Screenplay\Waiting\AbstractWait.cs:line 199
   at Boa.Constrictor.Screenplay.ValueAfterWaiting`1.RequestAs(IActor actor) in D:\a\boa-constrictor\boa-constrictor\Boa.Constrictor\Screenplay\Waiting\ValueAfterWaiting.cs:line 86
   at Boa.Constrictor.Screenplay.Actor.CallQuestion[TAnswer](IQuestion`1 question, String enterPhrase, String exitPhrase) in D:\a\boa-constrictor\boa-constrictor\Boa.Constrictor\Screenplay\Pattern\Actor.cs:line 74
   at As1.V10_OBO_Staff_MakeARefund_Imispay_test_class.V10_OBO_Staff_MakeARefund_Imispay_test() in /Users/jimhurd/dev/asi/asi1/tests/V10_OBO_Staff_MakeARefund_Imispay_test.cs:line 54
   at System.RuntimeMethodHandle.InvokeMethod(Object target, Void** arguments, Signature sig, Boolean isConstructor)
   at System.Reflection.MethodInvoker.Invoke(Object obj, IntPtr* args, BindingFlags invokeAttr)
</StackTrace>
        </ErrorInfo>
      </Output>
    </UnitTestResult>
    <UnitTestResult executionId="b63494d7-4e4d-454f-b023-c052d079b837" testId="b1a0a50c-f331-4eba-b08e-5613363e9ddf" testName="StaffNavigationSection1Test" computerName="Jims-MBP" duration="00:02:14.8394460" startTime="2023-01-12T16:21:08.7153870-05:00" endTime="2023-01-12T16:23:23.5761460-05:00" testType="13cdc9d9-ddb5-4fa4-a97d-d965ccfc6d4b" outcome="Passed" testListId="8c84fa94-04c1-424b-9868-57a2d4851a1d" relativeResultsDirectory="b63494d7-4e4d-454f-b023-c052d079b837">
      <Output>
        <StdOut>2023-01-12 21:21:10Z [INFO] Adding Ability for Screenplay Actor 'Alex Morgan' to browse the Web with OpenQA.Selenium.Chrome.ChromeDriver
2023-01-12 21:21:10Z [INFO] Screenplay Actor 'Alex Morgan' attempts to navigate browser to 'https://windev2212eval/'
2023-01-12 21:21:13Z [INFO] Screenplay Actor 'Alex Morgan' successfully did navigate browser to 'https://windev2212eval/'
2023-01-12 21:21:13Z [INFO] Screenplay Actor 'Alex Morgan' attempts to StaffLogin
2023-01-12 21:21:13Z [INFO] Screenplay Actor 'Alex Morgan' attempts to clear using backspaces, then send keys 'kallied' to Username
2023-01-12 21:21:13Z [INFO] Screenplay Actor 'Alex Morgan' asks for wait until appearance of 'Username' is equal to 'True'
2023-01-12 21:21:14Z [INFO] wait until appearance of 'Username' is equal to 'True' for up to 30s was True
2023-01-12 21:21:14Z [INFO] Screenplay Actor 'Alex Morgan' successfully did clear using backspaces, then send keys 'kallied' to Username
2023-01-12 21:21:14Z [INFO] Screenplay Actor 'Alex Morgan' attempts to clear using backspaces, then send keys 'demo123' to Password
2023-01-12 21:21:14Z [INFO] Screenplay Actor 'Alex Morgan' asks for wait until appearance of 'Password' is equal to 'True'
2023-01-12 21:21:14Z [INFO] wait until appearance of 'Password' is equal to 'True' for up to 30s was True
2023-01-12 21:21:15Z [INFO] Screenplay Actor 'Alex Morgan' successfully did clear using backspaces, then send keys 'demo123' to Password
2023-01-12 21:21:15Z [INFO] Screenplay Actor 'Alex Morgan' attempts to click on 'Sign in'
2023-01-12 21:21:15Z [INFO] Screenplay Actor 'Alex Morgan' asks for wait until appearance of 'Sign in' is equal to 'True'
2023-01-12 21:21:15Z [INFO] wait until appearance of 'Sign in' is equal to 'True' for up to 30s was True
2023-01-12 21:21:15Z [INFO] Screenplay Actor 'Alex Morgan' successfully did click on 'Sign in'
2023-01-12 21:21:15Z [INFO] Screenplay Actor 'Alex Morgan' successfully did StaffLogin
2023-01-12 21:21:15Z [INFO] Screenplay Actor 'Alex Morgan' asks for wait until appearance of ' Load Circle Graph Contacts by type' is equal to 'True'
2023-01-12 21:21:20Z [INFO] wait until appearance of ' Load Circle Graph Contacts by type' is equal to 'True' for up to 30s was True
2023-01-12 21:21:20Z [INFO] Screenplay Actor 'Alex Morgan' attempts to click on 'find contacts'
2023-01-12 21:21:20Z [INFO] Screenplay Actor 'Alex Morgan' asks for wait until appearance of 'find contacts' is equal to 'True'
2023-01-12 21:21:20Z [INFO] wait until appearance of 'find contacts' is equal to 'True' for up to 30s was True
2023-01-12 21:21:21Z [INFO] Screenplay Actor 'Alex Morgan' successfully did click on 'find contacts'
2023-01-12 21:21:23Z [INFO] Screenplay Actor 'Alex Morgan' asks for wait until appearance of 'iMIS Search Input' is equal to 'True'
2023-01-12 21:21:23Z [INFO] wait until appearance of 'iMIS Search Input' is equal to 'True' for up to 30s was True
2023-01-12 21:21:25Z [INFO] Screenplay Actor 'Alex Morgan' attempts to navigate browser to 'https://windev2212eval/iCore/Contacts/ContactLayouts/Account_Page_Staff.aspx?ID=23095'
2023-01-12 21:21:30Z [INFO] Screenplay Actor 'Alex Morgan' successfully did navigate browser to 'https://windev2212eval/iCore/Contacts/ContactLayouts/Account_Page_Staff.aspx?ID=23095'
2023-01-12 21:21:32Z [INFO] Screenplay Actor 'Alex Morgan' asks for wait until appearance of 'iMIS Search Input' is equal to 'True'
2023-01-12 21:21:32Z [INFO] wait until appearance of 'iMIS Search Input' is equal to 'True' for up to 30s was True
2023-01-12 21:21:34Z [INFO] Screenplay Actor 'Alex Morgan' attempts to click on 'edit pencil'
2023-01-12 21:21:34Z [INFO] Screenplay Actor 'Alex Morgan' asks for wait until appearance of 'edit pencil' is equal to 'True'
2023-01-12 21:21:34Z [INFO] wait until appearance of 'edit pencil' is equal to 'True' for up to 30s was True
2023-01-12 21:21:37Z [INFO] Screenplay Actor 'Alex Morgan' successfully did click on 'edit pencil'
2023-01-12 21:21:37Z [INFO] Screenplay Actor 'Alex Morgan' attempts to click on 'cancel'
2023-01-12 21:21:37Z [INFO] Screenplay Actor 'Alex Morgan' asks for wait until appearance of 'cancel' is equal to 'True'
2023-01-12 21:21:37Z [INFO] wait until appearance of 'cancel' is equal to 'True' for up to 30s was True
2023-01-12 21:21:38Z [INFO] Screenplay Actor 'Alex Morgan' successfully did click on 'cancel'
2023-01-12 21:21:38Z [INFO] Screenplay Actor 'Alex Morgan' attempts to navigate browser to 'https://windev2212eval/CreateCommunication?PartyWebsiteKey=4243d9e2-e91e-468c-97c2-2046d70c1e1a&amp;ID=23095'
2023-01-12 21:21:40Z [INFO] Screenplay Actor 'Alex Morgan' successfully did navigate browser to 'https://windev2212eval/CreateCommunication?PartyWebsiteKey=4243d9e2-e91e-468c-97c2-2046d70c1e1a&amp;ID=23095'
2023-01-12 21:21:42Z [INFO] Screenplay Actor 'Alex Morgan' asks for wait until appearance of 'iMIS Search Input' is equal to 'True'
2023-01-12 21:21:42Z [INFO] wait until appearance of 'iMIS Search Input' is equal to 'True' for up to 30s was True
2023-01-12 21:21:44Z [INFO] Screenplay Actor 'Alex Morgan' attempts to navigate browser to 'https://windev2212eval/iCore/Communications/Create_Communication.aspx?PartyWebsiteKey=4243d9e2-e91e-468c-97c2-2046d70c1e1a&amp;CommunicationId=c866e389-3abd-45f6-9545-f1a9024b91c2&amp;ID=23095'
2023-01-12 21:21:45Z [INFO] Screenplay Actor 'Alex Morgan' successfully did navigate browser to 'https://windev2212eval/iCore/Communications/Create_Communication.aspx?PartyWebsiteKey=4243d9e2-e91e-468c-97c2-2046d70c1e1a&amp;CommunicationId=c866e389-3abd-45f6-9545-f1a9024b91c2&amp;ID=23095'
2023-01-12 21:21:47Z [INFO] Screenplay Actor 'Alex Morgan' asks for wait until appearance of 'iMIS Search Input' is equal to 'True'
2023-01-12 21:21:47Z [INFO] wait until appearance of 'iMIS Search Input' is equal to 'True' for up to 30s was True
2023-01-12 21:21:49Z [INFO] Screenplay Actor 'Alex Morgan' attempts to click on 'body button'
2023-01-12 21:21:49Z [INFO] Screenplay Actor 'Alex Morgan' asks for wait until appearance of 'body button' is equal to 'True'
2023-01-12 21:21:49Z [INFO] wait until appearance of 'body button' is equal to 'True' for up to 30s was True
2023-01-12 21:21:49Z [INFO] Screenplay Actor 'Alex Morgan' successfully did click on 'body button'
2023-01-12 21:21:49Z [INFO] Screenplay Actor 'Alex Morgan' attempts to navigate browser to 'https://windev2212eval/iCore/Contacts/ContactLayouts/Account_Page_Staff.aspx?WebsiteKey=4243d9e2-e91e-468c-97c2-2046d70c1e1a&amp;ID=23095'
2023-01-12 21:21:52Z [INFO] Screenplay Actor 'Alex Morgan' successfully did navigate browser to 'https://windev2212eval/iCore/Contacts/ContactLayouts/Account_Page_Staff.aspx?WebsiteKey=4243d9e2-e91e-468c-97c2-2046d70c1e1a&amp;ID=23095'
2023-01-12 21:21:53Z [INFO] Screenplay Actor 'Alex Morgan' asks for wait until appearance of 'iMIS Search Input' is equal to 'True'
2023-01-12 21:21:53Z [INFO] wait until appearance of 'iMIS Search Input' is equal to 'True' for up to 30s was True
2023-01-12 21:21:56Z [INFO] Screenplay Actor 'Alex Morgan' attempts to navigate browser to 'https://windev2212eval/Staff/Finance/Invoices/iCore/Finance/Invoices.aspx?hkey=48c119f0-8bd7-4734-9902-99f59536f8c8'
2023-01-12 21:21:58Z [INFO] Screenplay Actor 'Alex Morgan' successfully did navigate browser to 'https://windev2212eval/Staff/Finance/Invoices/iCore/Finance/Invoices.aspx?hkey=48c119f0-8bd7-4734-9902-99f59536f8c8'
2023-01-12 21:22:00Z [INFO] Screenplay Actor 'Alex Morgan' asks for wait until appearance of 'iMIS Search Input' is equal to 'True'
2023-01-12 21:22:00Z [INFO] wait until appearance of 'iMIS Search Input' is equal to 'True' for up to 30s was True
2023-01-12 21:22:02Z [INFO] Screenplay Actor 'Alex Morgan' attempts to navigate browser to 'https://windev2212eval/iCore/Finance/Report-Writer-Invoices/Event-Invoice-Detail-Report-Writer.aspx?InvoiceId=8083&amp;WebsiteKey=4243d9e2-e91e-468c-97c2-2046d70c1e1a'
2023-01-12 21:22:04Z [INFO] Screenplay Actor 'Alex Morgan' successfully did navigate browser to 'https://windev2212eval/iCore/Finance/Report-Writer-Invoices/Event-Invoice-Detail-Report-Writer.aspx?InvoiceId=8083&amp;WebsiteKey=4243d9e2-e91e-468c-97c2-2046d70c1e1a'
2023-01-12 21:22:06Z [INFO] Screenplay Actor 'Alex Morgan' asks for wait until appearance of 'iMIS Search Input' is equal to 'True'
2023-01-12 21:22:06Z [INFO] wait until appearance of 'iMIS Search Input' is equal to 'True' for up to 30s was True
2023-01-12 21:22:08Z [INFO] Screenplay Actor 'Alex Morgan' attempts to navigate browser to 'https://windev2212eval/iCore/Contacts/ContactLayouts/Account_Page_Staff.aspx?WebsiteKey=4243d9e2-e91e-468c-97c2-2046d70c1e1a&amp;ID=23095'
2023-01-12 21:22:09Z [INFO] Screenplay Actor 'Alex Morgan' successfully did navigate browser to 'https://windev2212eval/iCore/Contacts/ContactLayouts/Account_Page_Staff.aspx?WebsiteKey=4243d9e2-e91e-468c-97c2-2046d70c1e1a&amp;ID=23095'
2023-01-12 21:22:09Z [INFO] Screenplay Actor 'Alex Morgan' attempts to click on 'about tab'
2023-01-12 21:22:09Z [INFO] Screenplay Actor 'Alex Morgan' asks for wait until appearance of 'about tab' is equal to 'True'
2023-01-12 21:22:09Z [INFO] wait until appearance of 'about tab' is equal to 'True' for up to 30s was True
2023-01-12 21:22:10Z [INFO] Screenplay Actor 'Alex Morgan' successfully did click on 'about tab'
2023-01-12 21:22:11Z [INFO] Screenplay Actor 'Alex Morgan' asks for wait until appearance of 'iMIS Search Input' is equal to 'True'
2023-01-12 21:22:11Z [INFO] wait until appearance of 'iMIS Search Input' is equal to 'True' for up to 30s was True
2023-01-12 21:22:15Z [INFO] Screenplay Actor 'Alex Morgan' attempts to navigate browser to 'https://windev2212eval/iCore/Contacts/ContactLayouts/Account_Page_Staff.aspx?WebsiteKey=4243d9e2-e91e-468c-97c2-2046d70c1e1a&amp;a12f5e50=5&amp;ID=23095'
2023-01-12 21:22:16Z [INFO] Screenplay Actor 'Alex Morgan' successfully did navigate browser to 'https://windev2212eval/iCore/Contacts/ContactLayouts/Account_Page_Staff.aspx?WebsiteKey=4243d9e2-e91e-468c-97c2-2046d70c1e1a&amp;a12f5e50=5&amp;ID=23095'
2023-01-12 21:22:18Z [INFO] Screenplay Actor 'Alex Morgan' asks for wait until appearance of 'iMIS Search Input' is equal to 'True'
2023-01-12 21:22:18Z [INFO] wait until appearance of 'iMIS Search Input' is equal to 'True' for up to 30s was True
2023-01-12 21:22:20Z [INFO] Screenplay Actor 'Alex Morgan' attempts to click on 'volunteering tab'
2023-01-12 21:22:20Z [INFO] Screenplay Actor 'Alex Morgan' asks for wait until appearance of 'volunteering tab' is equal to 'True'
2023-01-12 21:22:20Z [INFO] wait until appearance of 'volunteering tab' is equal to 'True' for up to 30s was True
2023-01-12 21:22:21Z [INFO] Screenplay Actor 'Alex Morgan' successfully did click on 'volunteering tab'
2023-01-12 21:22:22Z [INFO] Screenplay Actor 'Alex Morgan' asks for wait until appearance of 'iMIS Search Input' is equal to 'True'
2023-01-12 21:22:23Z [INFO] wait until appearance of 'iMIS Search Input' is equal to 'True' for up to 30s was True
2023-01-12 21:22:25Z [INFO] Screenplay Actor 'Alex Morgan' attempts to click on 'preferences tab'
2023-01-12 21:22:25Z [INFO] Screenplay Actor 'Alex Morgan' asks for wait until appearance of 'preferences tab' is equal to 'True'
2023-01-12 21:22:25Z [INFO] wait until appearance of 'preferences tab' is equal to 'True' for up to 30s was True
2023-01-12 21:22:26Z [INFO] Screenplay Actor 'Alex Morgan' successfully did click on 'preferences tab'
2023-01-12 21:22:27Z [INFO] Screenplay Actor 'Alex Morgan' asks for wait until appearance of 'iMIS Search Input' is equal to 'True'
2023-01-12 21:22:28Z [INFO] wait until appearance of 'iMIS Search Input' is equal to 'True' for up to 30s was True
2023-01-12 21:22:30Z [INFO] Screenplay Actor 'Alex Morgan' attempts to click on 'security tab'
2023-01-12 21:22:30Z [INFO] Screenplay Actor 'Alex Morgan' asks for wait until appearance of 'security tab' is equal to 'True'
2023-01-12 21:22:30Z [INFO] wait until appearance of 'security tab' is equal to 'True' for up to 30s was True
2023-01-12 21:22:31Z [INFO] Screenplay Actor 'Alex Morgan' successfully did click on 'security tab'
2023-01-12 21:22:32Z [INFO] Screenplay Actor 'Alex Morgan' asks for wait until appearance of 'iMIS Search Input' is equal to 'True'
2023-01-12 21:22:33Z [INFO] wait until appearance of 'iMIS Search Input' is equal to 'True' for up to 30s was True
2023-01-12 21:22:35Z [INFO] Screenplay Actor 'Alex Morgan' attempts to click on 'alert tab'
2023-01-12 21:22:35Z [INFO] Screenplay Actor 'Alex Morgan' asks for wait until appearance of 'alert tab' is equal to 'True'
2023-01-12 21:22:35Z [INFO] wait until appearance of 'alert tab' is equal to 'True' for up to 30s was True
2023-01-12 21:22:35Z [INFO] Screenplay Actor 'Alex Morgan' successfully did click on 'alert tab'
2023-01-12 21:22:37Z [INFO] Screenplay Actor 'Alex Morgan' asks for wait until appearance of 'iMIS Search Input' is equal to 'True'
2023-01-12 21:22:37Z [INFO] wait until appearance of 'iMIS Search Input' is equal to 'True' for up to 30s was True
2023-01-12 21:22:39Z [INFO] Screenplay Actor 'Alex Morgan' attempts to click on 'overview tab'
2023-01-12 21:22:39Z [INFO] Screenplay Actor 'Alex Morgan' asks for wait until appearance of 'overview tab' is equal to 'True'
2023-01-12 21:22:39Z [INFO] wait until appearance of 'overview tab' is equal to 'True' for up to 30s was True
2023-01-12 21:22:39Z [INFO] Screenplay Actor 'Alex Morgan' successfully did click on 'overview tab'
2023-01-12 21:22:41Z [INFO] Screenplay Actor 'Alex Morgan' asks for wait until appearance of 'iMIS Search Input' is equal to 'True'
2023-01-12 21:22:42Z [INFO] wait until appearance of 'iMIS Search Input' is equal to 'True' for up to 30s was True
2023-01-12 21:22:44Z [INFO] Screenplay Actor 'Alex Morgan' attempts to click on 'employment versaton'
2023-01-12 21:22:44Z [INFO] Screenplay Actor 'Alex Morgan' asks for wait until appearance of 'employment versaton' is equal to 'True'
2023-01-12 21:22:44Z [INFO] wait until appearance of 'employment versaton' is equal to 'True' for up to 30s was True
2023-01-12 21:22:46Z [INFO] Screenplay Actor 'Alex Morgan' successfully did click on 'employment versaton'
2023-01-12 21:22:48Z [INFO] Screenplay Actor 'Alex Morgan' asks for wait until appearance of 'iMIS Search Input' is equal to 'True'
2023-01-12 21:22:48Z [INFO] wait until appearance of 'iMIS Search Input' is equal to 'True' for up to 30s was True
2023-01-12 21:22:51Z [INFO] Screenplay Actor 'Alex Morgan' attempts to click on 'participation tab'
2023-01-12 21:22:51Z [INFO] Screenplay Actor 'Alex Morgan' asks for wait until appearance of 'participation tab' is equal to 'True'
2023-01-12 21:22:51Z [INFO] wait until appearance of 'participation tab' is equal to 'True' for up to 30s was True
2023-01-12 21:22:51Z [INFO] Screenplay Actor 'Alex Morgan' successfully did click on 'participation tab'
2023-01-12 21:22:52Z [INFO] Screenplay Actor 'Alex Morgan' asks for wait until appearance of 'iMIS Search Input' is equal to 'True'
2023-01-12 21:22:53Z [INFO] wait until appearance of 'iMIS Search Input' is equal to 'True' for up to 30s was True
2023-01-12 21:22:55Z [INFO] Screenplay Actor 'Alex Morgan' attempts to click on 'about tab'
2023-01-12 21:22:55Z [INFO] Screenplay Actor 'Alex Morgan' asks for wait until appearance of 'about tab' is equal to 'True'
2023-01-12 21:22:55Z [INFO] wait until appearance of 'about tab' is equal to 'True' for up to 30s was True
2023-01-12 21:22:55Z [INFO] Screenplay Actor 'Alex Morgan' successfully did click on 'about tab'
2023-01-12 21:22:57Z [INFO] Screenplay Actor 'Alex Morgan' asks for wait until appearance of 'iMIS Search Input' is equal to 'True'
2023-01-12 21:22:57Z [INFO] wait until appearance of 'iMIS Search Input' is equal to 'True' for up to 30s was True
2023-01-12 21:22:59Z [INFO] Screenplay Actor 'Alex Morgan' attempts to click on 'contact tab'
2023-01-12 21:22:59Z [INFO] Screenplay Actor 'Alex Morgan' asks for wait until appearance of 'contact tab' is equal to 'True'
2023-01-12 21:22:59Z [INFO] wait until appearance of 'contact tab' is equal to 'True' for up to 30s was True
2023-01-12 21:22:59Z [INFO] Screenplay Actor 'Alex Morgan' successfully did click on 'contact tab'
2023-01-12 21:23:01Z [INFO] Screenplay Actor 'Alex Morgan' asks for wait until appearance of 'iMIS Search Input' is equal to 'True'
2023-01-12 21:23:02Z [INFO] wait until appearance of 'iMIS Search Input' is equal to 'True' for up to 30s was True
2023-01-12 21:23:04Z [INFO] Screenplay Actor 'Alex Morgan' attempts to click on 'transactions tab'
2023-01-12 21:23:04Z [INFO] Screenplay Actor 'Alex Morgan' asks for wait until appearance of 'transactions tab' is equal to 'True'
2023-01-12 21:23:04Z [INFO] wait until appearance of 'transactions tab' is equal to 'True' for up to 30s was True
2023-01-12 21:23:04Z [INFO] Screenplay Actor 'Alex Morgan' successfully did click on 'transactions tab'
2023-01-12 21:23:05Z [INFO] Screenplay Actor 'Alex Morgan' asks for wait until appearance of 'iMIS Search Input' is equal to 'True'
2023-01-12 21:23:05Z [INFO] wait until appearance of 'iMIS Search Input' is equal to 'True' for up to 30s was True
2023-01-12 21:23:08Z [INFO] Screenplay Actor 'Alex Morgan' attempts to click on 'preferences tab'
2023-01-12 21:23:08Z [INFO] Screenplay Actor 'Alex Morgan' asks for wait until appearance of 'preferences tab' is equal to 'True'
2023-01-12 21:23:08Z [INFO] wait until appearance of 'preferences tab' is equal to 'True' for up to 30s was True
2023-01-12 21:23:08Z [INFO] Screenplay Actor 'Alex Morgan' successfully did click on 'preferences tab'
2023-01-12 21:23:09Z [INFO] Screenplay Actor 'Alex Morgan' asks for wait until appearance of 'iMIS Search Input' is equal to 'True'
2023-01-12 21:23:10Z [INFO] wait until appearance of 'iMIS Search Input' is equal to 'True' for up to 30s was True
2023-01-12 21:23:12Z [INFO] Screenplay Actor 'Alex Morgan' attempts to click on 'alerts tab'
2023-01-12 21:23:12Z [INFO] Screenplay Actor 'Alex Morgan' asks for wait until appearance of 'alerts tab' is equal to 'True'
2023-01-12 21:23:12Z [INFO] wait until appearance of 'alerts tab' is equal to 'True' for up to 30s was True
2023-01-12 21:23:12Z [INFO] Screenplay Actor 'Alex Morgan' successfully did click on 'alerts tab'
2023-01-12 21:23:14Z [INFO] Screenplay Actor 'Alex Morgan' asks for wait until appearance of 'iMIS Search Input' is equal to 'True'
2023-01-12 21:23:14Z [INFO] wait until appearance of 'iMIS Search Input' is equal to 'True' for up to 30s was True
2023-01-12 21:23:16Z [INFO] Screenplay Actor 'Alex Morgan' attempts to click on 'header xpath link tab'
2023-01-12 21:23:16Z [INFO] Screenplay Actor 'Alex Morgan' asks for wait until appearance of 'header xpath link tab' is equal to 'True'
2023-01-12 21:23:16Z [INFO] wait until appearance of 'header xpath link tab' is equal to 'True' for up to 30s was True
2023-01-12 21:23:17Z [INFO] Screenplay Actor 'Alex Morgan' successfully did click on 'header xpath link tab'
2023-01-12 21:23:18Z [INFO] Screenplay Actor 'Alex Morgan' asks for wait until appearance of 'iMIS Search Input' is equal to 'True'
2023-01-12 21:23:18Z [INFO] wait until appearance of 'iMIS Search Input' is equal to 'True' for up to 30s was True
2023-01-12 21:23:23Z [INFO] Screenplay Actor 'Alex Morgan' attempts to quit the WebDriver
2023-01-12 21:23:23Z [INFO] Screenplay Actor 'Alex Morgan' successfully did quit the WebDriver</StdOut>
      </Output>
    </UnitTestResult>
    <UnitTestResult executionId="7908f589-8115-4de4-b5fd-6a3fdf0118a3" testId="79d3c7a1-3e29-481e-97cc-c8da6010204d" testName="V10_OBO_Staff_MakeARefund_Imispay_test" computerName="Jims-MBP" duration="00:00:04.8583327" startTime="2023-01-12T16:26:29.3787670-05:00" endTime="2023-01-12T16:26:34.2462190-05:00" testType="13cdc9d9-ddb5-4fa4-a97d-d965ccfc6d4b" outcome="Passed" testListId="8c84fa94-04c1-424b-9868-57a2d4851a1d" relativeResultsDirectory="7908f589-8115-4de4-b5fd-6a3fdf0118a3">
      <Output>
        <StdOut>Connection refused [::ffff:127.0.0.1]:63370 (localhost:63370)
Connection refused [::ffff:127.0.0.1]:63370 (localhost:63370)
Connection refused [::ffff:127.0.0.1]:63370 (localhost:63370)
Connection refused [::ffff:127.0.0.1]:63370 (localhost:63370)
Connection refused [::ffff:127.0.0.1]:63370 (localhost:63370)
Connection refused [::ffff:127.0.0.1]:63370 (localhost:63370)
Connection refused [::ffff:127.0.0.1]:63370 (localhost:63370)
Connection refused [::ffff:127.0.0.1]:63370 (localhost:63370)
2023-01-12 21:26:30Z [INFO] Adding Ability for Screenplay Actor 'Alex Morgan' to browse the Web with OpenQA.Selenium.Chrome.ChromeDriver
2023-01-12 21:26:30Z [INFO] Screenplay Actor 'Alex Morgan' attempts to navigate browser to 'https://windev2212eval/'
2023-01-12 21:26:31Z [INFO] Screenplay Actor 'Alex Morgan' successfully did navigate browser to 'https://windev2212eval/'
2023-01-12 21:26:31Z [INFO] Screenplay Actor 'Alex Morgan' attempts to StaffLogin
2023-01-12 21:26:31Z [INFO] Screenplay Actor 'Alex Morgan' attempts to clear using backspaces, then send keys 'asoria' to Username
2023-01-12 21:26:31Z [INFO] Screenplay Actor 'Alex Morgan' asks for wait until appearance of 'Username' is equal to 'True'
2023-01-12 21:26:32Z [INFO] wait until appearance of 'Username' is equal to 'True' for up to 30s was True
2023-01-12 21:26:32Z [INFO] Screenplay Actor 'Alex Morgan' successfully did clear using backspaces, then send keys 'asoria' to Username
2023-01-12 21:26:32Z [INFO] Screenplay Actor 'Alex Morgan' attempts to clear using backspaces, then send keys 'demo123' to Password
2023-01-12 21:26:32Z [INFO] Screenplay Actor 'Alex Morgan' asks for wait until appearance of 'Password' is equal to 'True'
2023-01-12 21:26:32Z [INFO] wait until appearance of 'Password' is equal to 'True' for up to 30s was True
2023-01-12 21:26:33Z [INFO] Screenplay Actor 'Alex Morgan' successfully did clear using backspaces, then send keys 'demo123' to Password
2023-01-12 21:26:33Z [INFO] Screenplay Actor 'Alex Morgan' attempts to click on 'Sign in'
2023-01-12 21:26:33Z [INFO] Screenplay Actor 'Alex Morgan' asks for wait until appearance of 'Sign in' is equal to 'True'
2023-01-12 21:26:33Z [INFO] wait until appearance of 'Sign in' is equal to 'True' for up to 30s was True
2023-01-12 21:26:34Z [INFO] Screenplay Actor 'Alex Morgan' successfully did click on 'Sign in'
2023-01-12 21:26:34Z [INFO] Screenplay Actor 'Alex Morgan' successfully did StaffLogin</StdOut>
      </Output>
    </UnitTestResult>
  </Results>
  <TestDefinitions>
    <UnitTest name="v10_Verify_CartNoPayment_JoinRetired_RECmp4Test" storage="/users/jimhurd/dev/asi/asi1/bin/debug/net7.0/test1.dll" id="76bd1454-f4a3-4c2b-922c-c7a46c79432a">
      <Execution id="0f086dd0-3b83-4156-88b5-8652b298a15b" />
      <TestMethod codeBase="/Users/jimhurd/dev/asi/asi1/bin/Debug/net7.0/test1.dll" adapterTypeName="executor://mstestadapter/v2" className="As1.v10_Verify_CartNoPayment_JoinRetired_RECmp4_Test" name="v10_Verify_CartNoPayment_JoinRetired_RECmp4Test" />
    </UnitTest>
    <UnitTest name="MemberNavigateTest" storage="/users/jimhurd/dev/asi/asi1/bin/debug/net7.0/test1.dll" id="ec7d1bc4-a7df-411b-b48d-ecba14f2a595">
      <Execution id="eecef487-ef7d-4e76-8186-32c006522a23" />
      <TestMethod codeBase="/Users/jimhurd/dev/asi/asi1/bin/Debug/net7.0/test1.dll" adapterTypeName="executor://mstestadapter/v2" className="As1.ASI_mov" name="MemberNavigateTest" />
    </UnitTest>
    <UnitTest name="v10_Verify_PayWithPaypal_REC" storage="/users/jimhurd/dev/asi/asi1/bin/debug/net7.0/test1.dll" id="bfef27ca-0f4e-43ae-8e5d-6b8181f06fb1">
      <Execution id="a8c9d95b-2179-4fcf-94e0-93e2a1ca71b6" />
      <TestMethod codeBase="/Users/jimhurd/dev/asi/asi1/bin/Debug/net7.0/test1.dll" adapterTypeName="executor://mstestadapter/v2" className="As1.VideoNavigationTests" name="v10_Verify_PayWithPaypal_REC" />
    </UnitTest>
    <UnitTest name="MemberLoginTest" storage="/users/jimhurd/dev/asi/asi1/bin/debug/net7.0/test1.dll" id="f1312d19-d00b-4d58-9c20-021935c68d24">
      <Execution id="12c7e866-4416-428b-bd37-ef8a69463442" />
      <TestMethod codeBase="/Users/jimhurd/dev/asi/asi1/bin/Debug/net7.0/test1.dll" adapterTypeName="executor://mstestadapter/v2" className="As1.ASI_mov" name="MemberLoginTest" />
    </UnitTest>
    <UnitTest name="V10_OBO_Staff_MakeARefund_Imispay_test" storage="/users/jimhurd/dev/asi/asi1/bin/debug/net7.0/test1.dll" id="f0c8f780-9c84-4c03-9517-8a180095fb6e">
      <Execution id="338756ae-9b8e-4656-8c71-993e4920b23b" />
      <TestMethod codeBase="/Users/jimhurd/dev/asi/asi1/bin/Debug/net7.0/test1.dll" adapterTypeName="executor://mstestadapter/v2" className="As1.V10_OBO_Staff_MakeARefund_Imispay_test_class" name="V10_OBO_Staff_MakeARefund_Imispay_test" />
    </UnitTest>
    <UnitTest name="StaffNavigationSection1Test" storage="/users/jimhurd/dev/asi/asi1/bin/debug/net7.0/test1.dll" id="b1a0a50c-f331-4eba-b08e-5613363e9ddf">
      <TestCategory>
        <TestCategoryItem TestCategory="video" />
      </TestCategory>
      <Execution id="b63494d7-4e4d-454f-b023-c052d079b837" />
      <TestMethod codeBase="/Users/jimhurd/dev/asi/asi1/bin/Debug/net7.0/test1.dll" adapterTypeName="executor://mstestadapter/v2" className="As1.ASI_mov" name="StaffNavigationSection1Test" />
    </UnitTest>
    <UnitTest name="V10_OBO_Staff_MakeARefund_Imispay_test" storage="/users/jimhurd/dev/asi/asi1/bin/debug/net7.0/test1.dll" id="79d3c7a1-3e29-481e-97cc-c8da6010204d">
      <Execution id="7908f589-8115-4de4-b5fd-6a3fdf0118a3" />
      <TestMethod codeBase="/Users/jimhurd/dev/asi/asi1/bin/Debug/net7.0/test1.dll" adapterTypeName="executor://mstestadapter/v2" className="As1.V10_OBO_Staff_MakeARefund_Imispay_videotest" name="V10_OBO_Staff_MakeARefund_Imispay_test" />
    </UnitTest>
    <UnitTest name="section3NavTest" storage="/users/jimhurd/dev/asi/asi1/bin/debug/net7.0/test1.dll" id="0eb48f91-c7ec-4897-a1ee-3980bf974b2c">
      <Execution id="f17e5a63-235a-40a4-b82e-af0bbde0f8c6" />
      <TestMethod codeBase="/Users/jimhurd/dev/asi/asi1/bin/Debug/net7.0/test1.dll" adapterTypeName="executor://mstestadapter/v2" className="As1.ASI_mov" name="section3NavTest" />
    </UnitTest>
    <UnitTest name="MemberBuyMembershipTest" storage="/users/jimhurd/dev/asi/asi1/bin/debug/net7.0/test1.dll" id="28fa59da-b4e8-4d33-80c0-94074058b05b">
      <Execution id="b201e97b-e7fd-4af1-9331-37b29b2f518d" />
      <TestMethod codeBase="/Users/jimhurd/dev/asi/asi1/bin/Debug/net7.0/test1.dll" adapterTypeName="executor://mstestadapter/v2" className="As1.ASI_mov" name="MemberBuyMembershipTest" />
    </UnitTest>
  </TestDefinitions>
  <TestEntries>
    <TestEntry testId="bfef27ca-0f4e-43ae-8e5d-6b8181f06fb1" executionId="a8c9d95b-2179-4fcf-94e0-93e2a1ca71b6" testListId="8c84fa94-04c1-424b-9868-57a2d4851a1d" />
    <TestEntry testId="28fa59da-b4e8-4d33-80c0-94074058b05b" executionId="b201e97b-e7fd-4af1-9331-37b29b2f518d" testListId="8c84fa94-04c1-424b-9868-57a2d4851a1d" />
    <TestEntry testId="0eb48f91-c7ec-4897-a1ee-3980bf974b2c" executionId="f17e5a63-235a-40a4-b82e-af0bbde0f8c6" testListId="8c84fa94-04c1-424b-9868-57a2d4851a1d" />
    <TestEntry testId="ec7d1bc4-a7df-411b-b48d-ecba14f2a595" executionId="eecef487-ef7d-4e76-8186-32c006522a23" testListId="8c84fa94-04c1-424b-9868-57a2d4851a1d" />
    <TestEntry testId="f1312d19-d00b-4d58-9c20-021935c68d24" executionId="12c7e866-4416-428b-bd37-ef8a69463442" testListId="8c84fa94-04c1-424b-9868-57a2d4851a1d" />
    <TestEntry testId="76bd1454-f4a3-4c2b-922c-c7a46c79432a" executionId="0f086dd0-3b83-4156-88b5-8652b298a15b" testListId="8c84fa94-04c1-424b-9868-57a2d4851a1d" />
    <TestEntry testId="f0c8f780-9c84-4c03-9517-8a180095fb6e" executionId="338756ae-9b8e-4656-8c71-993e4920b23b" testListId="8c84fa94-04c1-424b-9868-57a2d4851a1d" />
    <TestEntry testId="b1a0a50c-f331-4eba-b08e-5613363e9ddf" executionId="b63494d7-4e4d-454f-b023-c052d079b837" testListId="8c84fa94-04c1-424b-9868-57a2d4851a1d" />
    <TestEntry testId="79d3c7a1-3e29-481e-97cc-c8da6010204d" executionId="7908f589-8115-4de4-b5fd-6a3fdf0118a3" testListId="8c84fa94-04c1-424b-9868-57a2d4851a1d" />
  </TestEntries>
  <TestLists>
    <TestList name="Results Not in a List" id="8c84fa94-04c1-424b-9868-57a2d4851a1d" />
    <TestList name="All Loaded Results" id="19431567-8539-422a-85d7-44ee4e166bda" />
  </TestLists>
  <ResultSummary outcome="Failed">
    <Counters total="9" executed="9" passed="7" failed="2" error="0" timeout="0" aborted="0" inconclusive="0" passedButRunAborted="0" notRunnable="0" notExecuted="0" disconnected="0" warning="0" completed="0" inProgress="0" pending="0" />
  </ResultSummary>
</TestRun>